Component: ARM Compiler 5.06 update 6 (build 750) Tool: armlink [4d35ed]

==============================================================================

Section Cross References

    startup.o(STACK) refers (Special) to heapauxi.o(.text) for __use_two_region_memory
    startup.o(HEAP) refers (Special) to heapauxi.o(.text) for __use_two_region_memory
    startup.o(RESET) refers (Special) to heapauxi.o(.text) for __use_two_region_memory
    startup.o(RESET) refers to startup.o(STACK) for Stack_Top
    startup.o(RESET) refers to __main.o(!!!main) for __main
    startup.o(.text) refers (Special) to heapauxi.o(.text) for __use_two_region_memory
    startup.o(.text) refers to startup.o(HEAP) for Heap_Mem
    startup.o(.text) refers to startup.o(STACK) for Stack_Mem
    inputcontrolunit.o(i.Task1_DoorState) refers to sensormng.o(i.initSensor) for initSensor
    inputcontrolunit.o(i.Task1_DoorState) refers to sensormng.o(i.readSensor) for readSensor
    inputcontrolunit.o(i.Task1_DoorState) refers to commmng.o(i.Send_message) for Send_message
    inputcontrolunit.o(i.Task1_DoorState) refers to tasks.o(i.xTaskDelayUntil) for xTaskDelayUntil
    inputcontrolunit.o(i.Task2_LightSwitch) refers to sensormng.o(i.initSensor) for initSensor
    inputcontrolunit.o(i.Task2_LightSwitch) refers to sensormng.o(i.readSensor) for readSensor
    inputcontrolunit.o(i.Task2_LightSwitch) refers to commmng.o(i.Send_message) for Send_message
    inputcontrolunit.o(i.Task2_LightSwitch) refers to tasks.o(i.xTaskDelayUntil) for xTaskDelayUntil
    inputcontrolunit.o(i.Task3_SpeedState) refers to sensormng.o(i.initSensor) for initSensor
    inputcontrolunit.o(i.Task3_SpeedState) refers to sensormng.o(i.readSensor) for readSensor
    inputcontrolunit.o(i.Task3_SpeedState) refers to commmng.o(i.Send_message) for Send_message
    inputcontrolunit.o(i.Task3_SpeedState) refers to tasks.o(i.xTaskDelayUntil) for xTaskDelayUntil
    inputcontrolunit.o(i.main) refers to inputcontrolunit.o(i.prvSetupHardware) for prvSetupHardware
    inputcontrolunit.o(i.main) refers to tasks.o(i.xTaskCreate) for xTaskCreate
    inputcontrolunit.o(i.main) refers to tasks.o(i.vTaskStartScheduler) for vTaskStartScheduler
    inputcontrolunit.o(i.main) refers to inputcontrolunit.o(.data) for xTaskHandle1_Door
    inputcontrolunit.o(i.main) refers to inputcontrolunit.o(i.Task1_DoorState) for Task1_DoorState
    inputcontrolunit.o(i.main) refers to inputcontrolunit.o(i.Task2_LightSwitch) for Task2_LightSwitch
    inputcontrolunit.o(i.main) refers to inputcontrolunit.o(i.Task3_SpeedState) for Task3_SpeedState
    inputcontrolunit.o(i.prvSetupHardware) refers to inputcontrolunit.o(i.configTimer1) for configTimer1
    commmng.o(i.Recieve_message) refers to commmng.o(.bss) for can
    commmng.o(i.Send_message) refers to commmng.o(.bss) for can
    commmng.o(i.initSerial) refers to commmng.o(.bss) for can
    sensormng.o(i.initSensor) refers to sensormng.o(.bss) for Sensor
    sensormng.o(i.readSensor) refers to sensormng.o(.bss) for Sensor
    doorsensor.o(i.getDoorState) refers to gpio.o(i.GPIO_readPin) for GPIO_readPin
    doorsensor.o(i.initDoorSensor) refers to gpio.o(i.GPIO_init) for GPIO_init
    lightswitch.o(i.getSwitchState) refers to gpio.o(i.GPIO_readPin) for GPIO_readPin
    lightswitch.o(i.initLightSwitch) refers to gpio.o(i.GPIO_init) for GPIO_init
    speedsensor.o(i.getSpeedState) refers to gpio.o(i.GPIO_readPin) for GPIO_readPin
    speedsensor.o(i.initSpeedSensor) refers to gpio.o(i.GPIO_init) for GPIO_init
    event_groups.o(i.vEventGroupClearBitsCallback) refers to event_groups.o(i.xEventGroupClearBits) for xEventGroupClearBits
    event_groups.o(i.vEventGroupDelete) refers to tasks.o(i.vTaskSuspendAll) for vTaskSuspendAll
    event_groups.o(i.vEventGroupDelete) refers to tasks.o(i.vTaskRemoveFromUnorderedEventList) for vTaskRemoveFromUnorderedEventList
    event_groups.o(i.vEventGroupDelete) refers to tasks.o(i.xTaskResumeAll) for xTaskResumeAll
    event_groups.o(i.vEventGroupDelete) refers to heap_2.o(i.vPortFree) for vPortFree
    event_groups.o(i.vEventGroupSetBitsCallback) refers to event_groups.o(i.xEventGroupSetBits) for xEventGroupSetBits
    event_groups.o(i.xEventGroupClearBits) refers to port.o(i.vPortEnterCritical) for vPortEnterCritical
    event_groups.o(i.xEventGroupClearBits) refers to port.o(i.vPortExitCritical) for vPortExitCritical
    event_groups.o(i.xEventGroupCreate) refers to heap_2.o(i.pvPortMalloc) for pvPortMalloc
    event_groups.o(i.xEventGroupCreate) refers to list.o(i.vListInitialise) for vListInitialise
    event_groups.o(i.xEventGroupSetBits) refers to tasks.o(i.vTaskSuspendAll) for vTaskSuspendAll
    event_groups.o(i.xEventGroupSetBits) refers to tasks.o(i.vTaskRemoveFromUnorderedEventList) for vTaskRemoveFromUnorderedEventList
    event_groups.o(i.xEventGroupSetBits) refers to tasks.o(i.xTaskResumeAll) for xTaskResumeAll
    event_groups.o(i.xEventGroupSync) refers to tasks.o(i.vTaskSuspendAll) for vTaskSuspendAll
[...]
    stream_buffer.o(i.xStreamBufferReceiveFromISR) refers to stream_buffer.o(i.prvBytesInBuffer) for prvBytesInBuffer
    stream_buffer.o(i.xStreamBufferReceiveFromISR) refers to stream_buffer.o(i.prvReadMessageFromBuffer) for prvReadMessageFromBuffer
    stream_buffer.o(i.xStreamBufferReceiveFromISR) refers to tasks.o(i.xTaskGenericNotifyFromISR) for xTaskGenericNotifyFromISR
    stream_buffer.o(i.xStreamBufferReset) refers to port.o(i.vPortEnterCritical) for vPortEnterCritical
    stream_buffer.o(i.xStreamBufferReset) refers to stream_buffer.o(i.prvInitialiseNewStreamBuffer) for prvInitialiseNewStreamBuffer
    stream_buffer.o(i.xStreamBufferReset) refers to port.o(i.vPortExitCritical) for vPortExitCritical
    stream_buffer.o(i.xStreamBufferSend) refers to tasks.o(i.vTaskSetTimeOutState) for vTaskSetTimeOutState
    stream_buffer.o(i.xStreamBufferSend) refers to port.o(i.vPortEnterCritical) for vPortEnterCritical
    stream_buffer.o(i.xStreamBufferSend) refers to stream_buffer.o(i.xStreamBufferSpacesAvailable) for xStreamBufferSpacesAvailable
    stream_buffer.o(i.xStreamBufferSend) refers to tasks.o(i.xTaskGenericNotifyStateClear) for xTaskGenericNotifyStateClear
    stream_buffer.o(i.xStreamBufferSend) refers to tasks.o(i.xTaskGetCurrentTaskHandle) for xTaskGetCurrentTaskHandle
    stream_buffer.o(i.xStreamBufferSend) refers to port.o(i.vPortExitCritical) for vPortExitCritical
    stream_buffer.o(i.xStreamBufferSend) refers to tasks.o(i.xTaskGenericNotifyWait) for xTaskGenericNotifyWait
    stream_buffer.o(i.xStreamBufferSend) refers to tasks.o(i.xTaskCheckForTimeOut) for xTaskCheckForTimeOut
    stream_buffer.o(i.xStreamBufferSend) refers to stream_buffer.o(i.prvWriteMessageToBuffer) for prvWriteMessageToBuffer
    stream_buffer.o(i.xStreamBufferSend) refers to stream_buffer.o(i.prvBytesInBuffer) for prvBytesInBuffer
    stream_buffer.o(i.xStreamBufferSend) refers to tasks.o(i.vTaskSuspendAll) for vTaskSuspendAll
    stream_buffer.o(i.xStreamBufferSend) refers to tasks.o(i.xTaskGenericNotify) for xTaskGenericNotify
    stream_buffer.o(i.xStreamBufferSend) refers to tasks.o(i.xTaskResumeAll) for xTaskResumeAll
    stream_buffer.o(i.xStreamBufferSendCompletedFromISR) refers to tasks.o(i.xTaskGenericNotifyFromISR) for xTaskGenericNotifyFromISR
    stream_buffer.o(i.xStreamBufferSendFromISR) refers to stream_buffer.o(i.xStreamBufferSpacesAvailable) for xStreamBufferSpacesAvailable
    stream_buffer.o(i.xStreamBufferSendFromISR) refers to stream_buffer.o(i.prvWriteMessageToBuffer) for prvWriteMessageToBuffer
    stream_buffer.o(i.xStreamBufferSendFromISR) refers to stream_buffer.o(i.prvBytesInBuffer) for prvBytesInBuffer
    stream_buffer.o(i.xStreamBufferSendFromISR) refers to tasks.o(i.xTaskGenericNotifyFromISR) for xTaskGenericNotifyFromISR
    tasks.o(i.eTaskGetState) refers to port.o(i.vPortEnterCritical) for vPortEnterCritical
    tasks.o(i.eTaskGetState) refers to port.o(i.vPortExitCritical) for vPortExitCritical
    tasks.o(i.eTaskGetState) refers to tasks.o(.data) for pxCurrentTCB
    tasks.o(i.eTaskGetState) refers to tasks.o(.bss) for xSuspendedTaskList
    tasks.o(i.pcTaskGetName) refers to tasks.o(.data) for pxCurrentTCB
    tasks.o(i.prvAddCurrentTaskToDelayedList) refers to list.o(i.uxListRemove) for uxListRemove
    tasks.o(i.prvAddCurrentTaskToDelayedList) refers to list.o(i.vListInsert) for vListInsert
    tasks.o(i.prvAddCurrentTaskToDelayedList) refers to tasks.o(.data) for xTickCount
    tasks.o(i.prvAddCurrentTaskToDelayedList) refers to tasks.o(.bss) for xSuspendedTaskList
    tasks.o(i.prvAddNewTaskToReadyList) refers to port.o(i.vPortEnterCritical) for vPortEnterCritical
    tasks.o(i.prvAddNewTaskToReadyList) refers to tasks.o(i.prvInitialiseTaskLists) for prvInitialiseTaskLists
    tasks.o(i.prvAddNewTaskToReadyList) refers to port.o(i.vPortExitCritical) for vPortExitCritical
    tasks.o(i.prvAddNewTaskToReadyList) refers to portasm.o(PORT_ASM) for vPortYield
    tasks.o(i.prvAddNewTaskToReadyList) refers to tasks.o(.data) for uxCurrentNumberOfTasks
    tasks.o(i.prvAddNewTaskToReadyList) refers to tasks.o(.bss) for pxReadyTasksLists
    tasks.o(i.prvCheckTasksWaitingTermination) refers to port.o(i.vPortEnterCritical) for vPortEnterCritical
    tasks.o(i.prvCheckTasksWaitingTermination) refers to list.o(i.uxListRemove) for uxListRemove
    tasks.o(i.prvCheckTasksWaitingTermination) refers to port.o(i.vPortExitCritical) for vPortExitCritical
    tasks.o(i.prvCheckTasksWaitingTermination) refers to tasks.o(i.prvDeleteTCB) for prvDeleteTCB
    tasks.o(i.prvCheckTasksWaitingTermination) refers to tasks.o(.bss) for xTasksWaitingTermination
    tasks.o(i.prvCheckTasksWaitingTermination) refers to tasks.o(.data) for uxCurrentNumberOfTasks
    tasks.o(i.prvDeleteTCB) refers to heap_2.o(i.vPortFree) for vPortFree
    tasks.o(i.prvIdleTask) refers to tasks.o(i.prvCheckTasksWaitingTermination) for prvCheckTasksWaitingTermination
    tasks.o(i.prvIdleTask) refers to portasm.o(PORT_ASM) for vPortYield
    tasks.o(i.prvIdleTask) refers to tasks.o(.bss) for pxReadyTasksLists
    tasks.o(i.prvInitialiseNewTask) refers to aeabi_memset.o(.text) for __aeabi_memset
    tasks.o(i.prvInitialiseNewTask) refers to list.o(i.vListInitialiseItem) for vListInitialiseItem
    tasks.o(i.prvInitialiseNewTask) refers to port.o(i.pxPortInitialiseStack) for pxPortInitialiseStack
    tasks.o(i.prvInitialiseTaskLists) refers to list.o(i.vListInitialise) for vListInitialise
    tasks.o(i.prvInitialiseTaskLists) refers to tasks.o(.bss) for pxReadyTasksLists
    tasks.o(i.prvInitialiseTaskLists) refers to tasks.o(.data) for pxDelayedTaskList
    tasks.o(i.prvListTasksWithinSingleList) refers to tasks.o(i.vTaskGetInfo) for vTaskGetInfo
    tasks.o(i.prvResetNextTaskUnblockTime) refers to tasks.o(.data) for pxDelayedTaskList
    tasks.o(i.prvTaskIsTaskSuspended) refers to tasks.o(.bss) for xSuspendedTaskList
    tasks.o(i.ulTaskGenericNotifyTake) refers to port.o(i.vPortEnterCritical) for vPortEnterCritical
    tasks.o(i.ulTaskGenericNotifyTake) refers to tasks.o(i.prvAddCurrentTaskToDelayedList) for prvAddCurrentTaskToDelayedList
    tasks.o(i.ulTaskGenericNotifyTake) refers to portasm.o(PORT_ASM) for vPortYield
    tasks.o(i.ulTaskGenericNotifyTake) refers to port.o(i.vPortExitCritical) for vPortExitCritical
    tasks.o(i.ulTaskGenericNotifyTake) refers to tasks.o(.data) for pxCurrentTCB
    tasks.o(i.ulTaskGenericNotifyValueClear) refers to port.o(i.vPortEnterCritical) for vPortEnterCritical
    tasks.o(i.ulTaskGenericNotifyValueClear) refers to port.o(i.vPortExitCritical) for vPortExitCritical
    tasks.o(i.ulTaskGenericNotifyValueClear) refers to tasks.o(.data) for pxCurrentTCB
    tasks.o(i.uxTaskGetNumberOfTasks) refers to tasks.o(.data) for uxCurrentNumberOfTasks
    tasks.o(i.uxTaskGetSystemState) refers to tasks.o(i.vTaskSuspendAll) for vTaskSuspendAll
    tasks.o(i.uxTaskGetSystemState) refers to tasks.o(i.prvListTasksWithinSingleList) for prvListTasksWithinSingleList
    tasks.o(i.uxTaskGetSystemState) refers to tasks.o(i.xTaskResumeAll) for xTaskResumeAll
    tasks.o(i.uxTaskGetSystemState) refers to tasks.o(.data) for uxCurrentNumberOfTasks
    tasks.o(i.uxTaskGetSystemState) refers to tasks.o(.bss) for pxReadyTasksLists
    tasks.o(i.uxTaskPriorityGet) refers to port.o(i.vPortEnterCritical) for vPortEnterCritical
    tasks.o(i.uxTaskPriorityGet) refers to port.o(i.vPortExitCritical) for vPortExitCritical
    tasks.o(i.uxTaskPriorityGet) refers to tasks.o(.data) for pxCurrentTCB
    tasks.o(i.uxTaskPriorityGetFromISR) refers to tasks.o(.data) for pxCurrentTCB
    tasks.o(i.uxTaskResetEventItemValue) refers to tasks.o(.data) for pxCurrentTCB
    tasks.o(i.vTaskDelay) refers to tasks.o(i.vTaskSuspendAll) for vTaskSuspendAll
    tasks.o(i.vTaskDelay) refers to tasks.o(i.prvAddCurrentTaskToDelayedList) for prvAddCurrentTaskToDelayedList
    tasks.o(i.vTaskDelay) refers to tasks.o(i.xTaskResumeAll) for xTaskResumeAll
    tasks.o(i.vTaskDelay) refers to portasm.o(PORT_ASM) for vPortYield
    tasks.o(i.vTaskDelete) refers to port.o(i.vPortEnterCritical) for vPortEnterCritical
    tasks.o(i.vTaskDelete) refers to list.o(i.uxListRemove) for uxListRemove
    tasks.o(i.vTaskDelete) refers to list.o(i.vListInsertEnd) for vListInsertEnd
    tasks.o(i.vTaskDelete) refers to tasks.o(i.prvResetNextTaskUnblockTime) for prvResetNextTaskUnblockTime
    tasks.o(i.vTaskDelete) refers to port.o(i.vPortExitCritical) for vPortExitCritical
    tasks.o(i.vTaskDelete) refers to tasks.o(i.prvDeleteTCB) for prvDeleteTCB
    tasks.o(i.vTaskDelete) refers to portasm.o(PORT_ASM) for vPortYield
    tasks.o(i.vTaskDelete) refers to tasks.o(.data) for pxCurrentTCB
    tasks.o(i.vTaskDelete) refers to tasks.o(.bss) for xTasksWaitingTermination
    tasks.o(i.vTaskEndScheduler) refers to port.o(i.vPortEndScheduler) for vPortEndScheduler
    tasks.o(i.vTaskEndScheduler) refers to tasks.o(.data) for xSchedulerRunning
    tasks.o(i.vTaskGenericNotifyGiveFromISR) refers to tasks.o(.data) for uxSchedulerSuspended
    tasks.o(i.vTaskGenericNotifyGiveFromISR) refers to tasks.o(.bss) for pxReadyTasksLists
    tasks.o(i.vTaskGetInfo) refers to tasks.o(i.vTaskSuspendAll) for vTaskSuspendAll
    tasks.o(i.vTaskGetInfo) refers to tasks.o(i.xTaskResumeAll) for xTaskResumeAll
    tasks.o(i.vTaskGetInfo) refers to tasks.o(i.eTaskGetState) for eTaskGetState
    tasks.o(i.vTaskGetInfo) refers to tasks.o(i.prvTaskCheckFreeStackSpace) for prvTaskCheckFreeStackSpace
    tasks.o(i.vTaskGetInfo) refers to tasks.o(.data) for pxCurrentTCB
    tasks.o(i.vTaskInternalSetTimeOutState) refers to tasks.o(.data) for xNumOfOverflows
    tasks.o(i.vTaskMissedYield) refers to tasks.o(.data) for xYieldPending
    tasks.o(i.vTaskPlaceOnEventList) refers to list.o(i.vListInsert) for vListInsert
    tasks.o(i.vTaskPlaceOnEventList) refers to tasks.o(i.prvAddCurrentTaskToDelayedList) for prvAddCurrentTaskToDelayedList
    tasks.o(i.vTaskPlaceOnEventList) refers to tasks.o(.data) for pxCurrentTCB
    tasks.o(i.vTaskPlaceOnUnorderedEventList) refers to tasks.o(i.prvAddCurrentTaskToDelayedList) for prvAddCurrentTaskToDelayedList
    tasks.o(i.vTaskPlaceOnUnorderedEventList) refers to tasks.o(.data) for pxCurrentTCB
    tasks.o(i.vTaskPrioritySet) refers to port.o(i.vPortEnterCritical) for vPortEnterCritical
    tasks.o(i.vTaskPrioritySet) refers to list.o(i.uxListRemove) for uxListRemove
    tasks.o(i.vTaskPrioritySet) refers to portasm.o(PORT_ASM) for vPortYield
    tasks.o(i.vTaskPrioritySet) refers to port.o(i.vPortExitCritical) for vPortExitCritical
    tasks.o(i.vTaskPrioritySet) refers to tasks.o(.data) for pxCurrentTCB
    tasks.o(i.vTaskPrioritySet) refers to tasks.o(.bss) for pxReadyTasksLists
    tasks.o(i.vTaskRemoveFromUnorderedEventList) refers to tasks.o(.data) for uxTopReadyPriority
    tasks.o(i.vTaskRemoveFromUnorderedEventList) refers to tasks.o(.bss) for pxReadyTasksLists
    tasks.o(i.vTaskResume) refers to port.o(i.vPortEnterCritical) for vPortEnterCritical
    tasks.o(i.vTaskResume) refers to tasks.o(i.prvTaskIsTaskSuspended) for prvTaskIsTaskSuspended
    tasks.o(i.vTaskResume) refers to list.o(i.uxListRemove) for uxListRemove
    tasks.o(i.vTaskResume) refers to portasm.o(PORT_ASM) for vPortYield
    tasks.o(i.vTaskResume) refers to port.o(i.vPortExitCritical) for vPortExitCritical
    tasks.o(i.vTaskResume) refers to tasks.o(.data) for pxCurrentTCB
    tasks.o(i.vTaskResume) refers to tasks.o(.bss) for pxReadyTasksLists
    tasks.o(i.vTaskSetTimeOutState) refers to port.o(i.vPortEnterCritical) for vPortEnterCritical
    tasks.o(i.vTaskSetTimeOutState) refers to port.o(i.vPortExitCritical) for vPortExitCritical
    tasks.o(i.vTaskSetTimeOutState) refers to tasks.o(.data) for xNumOfOverflows
    tasks.o(i.vTaskStartScheduler) refers to tasks.o(i.xTaskCreate) for xTaskCreate
    tasks.o(i.vTaskStartScheduler) refers to port.o(i.xPortStartScheduler) for xPortStartScheduler
    tasks.o(i.vTaskStartScheduler) refers to tasks.o(.data) for xIdleTaskHandle
    tasks.o(i.vTaskStartScheduler) refers to tasks.o(i.prvIdleTask) for prvIdleTask
    tasks.o(i.vTaskSuspend) refers to port.o(i.vPortEnterCritical) for vPortEnterCritical
    tasks.o(i.vTaskSuspend) refers to list.o(i.uxListRemove) for uxListRemove
    tasks.o(i.vTaskSuspend) refers to list.o(i.vListInsertEnd) for vListInsertEnd
    tasks.o(i.vTaskSuspend) refers to port.o(i.vPortExitCritical) for vPortExitCritical
    tasks.o(i.vTaskSuspend) refers to tasks.o(i.prvResetNextTaskUnblockTime) for prvResetNextTaskUnblockTime
    tasks.o(i.vTaskSuspend) refers to portasm.o(PORT_ASM) for vPortYield
    tasks.o(i.vTaskSuspend) refers to tasks.o(i.vTaskSwitchContext) for vTaskSwitchContext
    tasks.o(i.vTaskSuspend) refers to tasks.o(.data) for pxCurrentTCB
    tasks.o(i.vTaskSuspend) refers to tasks.o(.bss) for xSuspendedTaskList
    tasks.o(i.vTaskSuspendAll) refers to tasks.o(.data) for uxSchedulerSuspended
    tasks.o(i.vTaskSwitchContext) refers to tasks.o(.data) for uxSchedulerSuspended
    tasks.o(i.vTaskSwitchContext) refers to tasks.o(.bss) for pxReadyTasksLists
    tasks.o(i.xTaskCatchUpTicks) refers to tasks.o(i.vTaskSuspendAll) for vTaskSuspendAll
    tasks.o(i.xTaskCatchUpTicks) refers to port.o(i.vPortEnterCritical) for vPortEnterCritical
    tasks.o(i.xTaskCatchUpTicks) refers to port.o(i.vPortExitCritical) for vPortExitCritical
    tasks.o(i.xTaskCatchUpTicks) refers to tasks.o(i.xTaskResumeAll) for xTaskResumeAll
    tasks.o(i.xTaskCatchUpTicks) refers to tasks.o(.data) for xPendedTicks
    tasks.o(i.xTaskCheckForTimeOut) refers to port.o(i.vPortEnterCritical) for vPortEnterCritical
    tasks.o(i.xTaskCheckForTimeOut) refers to tasks.o(i.vTaskInternalSetTimeOutState) for vTaskInternalSetTimeOutState
    tasks.o(i.xTaskCheckForTimeOut) refers to port.o(i.vPortExitCritical) for vPortExitCritical
    tasks.o(i.xTaskCheckForTimeOut) refers to tasks.o(.data) for xTickCount
    tasks.o(i.xTaskCreate) refers to heap_2.o(i.pvPortMalloc) for pvPortMalloc
    tasks.o(i.xTaskCreate) refers to rt_memclr_w.o(.text) for __aeabi_memclr4
    tasks.o(i.xTaskCreate) refers to heap_2.o(i.vPortFree) for vPortFree
    tasks.o(i.xTaskCreate) refers to tasks.o(i.prvInitialiseNewTask) for prvInitialiseNewTask
    tasks.o(i.xTaskCreate) refers to tasks.o(i.prvAddNewTaskToReadyList) for prvAddNewTaskToReadyList
    tasks.o(i.xTaskDelayUntil) refers to tasks.o(i.vTaskSuspendAll) for vTaskSuspendAll
    tasks.o(i.xTaskDelayUntil) refers to tasks.o(i.prvAddCurrentTaskToDelayedList) for prvAddCurrentTaskToDelayedList
    tasks.o(i.xTaskDelayUntil) refers to tasks.o(i.xTaskResumeAll) for xTaskResumeAll
    tasks.o(i.xTaskDelayUntil) refers to portasm.o(PORT_ASM) for vPortYield
    tasks.o(i.xTaskDelayUntil) refers to tasks.o(.data) for xTickCount
    tasks.o(i.xTaskGenericNotify) refers to port.o(i.vPortEnterCritical) for vPortEnterCritical
    tasks.o(i.xTaskGenericNotify) refers to portasm.o(PORT_ASM) for vPortYield
    tasks.o(i.xTaskGenericNotify) refers to port.o(i.vPortExitCritical) for vPortExitCritical
    tasks.o(i.xTaskGenericNotify) refers to tasks.o(.data) for uxTopReadyPriority
    tasks.o(i.xTaskGenericNotify) refers to tasks.o(.bss) for pxReadyTasksLists
    tasks.o(i.xTaskGenericNotifyFromISR) refers to tasks.o(.data) for uxSchedulerSuspended
    tasks.o(i.xTaskGenericNotifyFromISR) refers to tasks.o(.bss) for pxReadyTasksLists
    tasks.o(i.xTaskGenericNotifyStateClear) refers to port.o(i.vPortEnterCritical) for vPortEnterCritical
    tasks.o(i.xTaskGenericNotifyStateClear) refers to port.o(i.vPortExitCritical) for vPortExitCritical
    tasks.o(i.xTaskGenericNotifyStateClear) refers to tasks.o(.data) for pxCurrentTCB
    tasks.o(i.xTaskGenericNotifyWait) refers to port.o(i.vPortEnterCritical) for vPortEnterCritical
    tasks.o(i.xTaskGenericNotifyWait) refers to tasks.o(i.prvAddCurrentTaskToDelayedList) for prvAddCurrentTaskToDelayedList
    tasks.o(i.xTaskGenericNotifyWait) refers to portasm.o(PORT_ASM) for vPortYield
    tasks.o(i.xTaskGenericNotifyWait) refers to port.o(i.vPortExitCritical) for vPortExitCritical
    tasks.o(i.xTaskGenericNotifyWait) refers to tasks.o(.data) for pxCurrentTCB
    tasks.o(i.xTaskGetCurrentTaskHandle) refers to tasks.o(.data) for pxCurrentTCB
    tasks.o(i.xTaskGetTickCount) refers to port.o(i.vPortEnterCritical) for vPortEnterCritical
    tasks.o(i.xTaskGetTickCount) refers to port.o(i.vPortExitCritical) for vPortExitCritical
    tasks.o(i.xTaskGetTickCount) refers to tasks.o(.data) for xTickCount
    tasks.o(i.xTaskGetTickCountFromISR) refers to tasks.o(.data) for xTickCount
    tasks.o(i.xTaskIncrementTick) refers to tasks.o(i.prvResetNextTaskUnblockTime) for prvResetNextTaskUnblockTime
    tasks.o(i.xTaskIncrementTick) refers to tasks.o(.data) for uxSchedulerSuspended
    tasks.o(i.xTaskIncrementTick) refers to tasks.o(.bss) for pxReadyTasksLists
    tasks.o(i.xTaskRemoveFromEventList) refers to tasks.o(.data) for uxSchedulerSuspended
    tasks.o(i.xTaskRemoveFromEventList) refers to tasks.o(.bss) for pxReadyTasksLists
    tasks.o(i.xTaskResumeAll) refers to port.o(i.vPortEnterCritical) for vPortEnterCritical
    tasks.o(i.xTaskResumeAll) refers to tasks.o(i.prvResetNextTaskUnblockTime) for prvResetNextTaskUnblockTime
    tasks.o(i.xTaskResumeAll) refers to tasks.o(i.xTaskIncrementTick) for xTaskIncrementTick
    tasks.o(i.xTaskResumeAll) refers to portasm.o(PORT_ASM) for vPortYield
    tasks.o(i.xTaskResumeAll) refers to port.o(i.vPortExitCritical) for vPortExitCritical
    tasks.o(i.xTaskResumeAll) refers to tasks.o(.data) for uxSchedulerSuspended
    tasks.o(i.xTaskResumeAll) refers to tasks.o(.bss) for xPendingReadyList
    tasks.o(i.xTaskResumeFromISR) refers to tasks.o(i.prvTaskIsTaskSuspended) for prvTaskIsTaskSuspended
    tasks.o(i.xTaskResumeFromISR) refers to list.o(i.uxListRemove) for uxListRemove
    tasks.o(i.xTaskResumeFromISR) refers to list.o(i.vListInsertEnd) for vListInsertEnd
    tasks.o(i.xTaskResumeFromISR) refers to tasks.o(.data) for uxSchedulerSuspended
    tasks.o(i.xTaskResumeFromISR) refers to tasks.o(.bss) for pxReadyTasksLists
    rt_memcpy.o(.text) refers to rt_memcpy_w.o(.text) for __aeabi_memcpy4
    aeabi_memset.o(.text) refers to rt_memclr.o(.text) for _memset
    rt_memclr.o(.text) refers to rt_memclr_w.o(.text) for _memset_w
    aeabi_sdiv.o(.text_udiv) refers to aeabi_sdiv.o(.text) for __arm_div2
    aeabi_sdiv_div0.o(.text_udiv) refers to aeabi_sdiv_div0.o(.text) for __arm_div2
    __main.o(!!!main) refers to __rtentry.o(.ARM.Collect$$rtentry$$00000000) for __rt_entry
    __rtentry.o(.ARM.Collect$$rtentry$$00000000) refers (Special) to __rtentry2.o(.ARM.Collect$$rtentry$$0000000A) for __rt_entry_li
    __rtentry.o(.ARM.Collect$$rtentry$$00000000) refers (Special) to __rtentry2.o(.ARM.Collect$$rtentry$$0000000D) for __rt_entry_main
    __rtentry.o(.ARM.Collect$$rtentry$$00000000) refers (Special) to __rtentry2.o(.ARM.Collect$$rtentry$$0000000C) for __rt_entry_postli_1
    __rtentry.o(.ARM.Collect$$rtentry$$00000000) refers (Special) to __rtentry2.o(.ARM.Collect$$rtentry$$00000009) for __rt_entry_postsh_1
    __rtentry.o(.ARM.Collect$$rtentry$$00000000) refers (Special) to __rtentry2.o(.ARM.Collect$$rtentry$$00000002) for __rt_entry_presh_1
    __rtentry.o(.ARM.Collect$$rtentry$$00000000) refers (Special) to __rtentry4.o(.ARM.Collect$$rtentry$$00000004) for __rt_entry_sh
    aeabi_idiv0_sigfpe.o(.text) refers to rt_div0.o(.text) for __rt_div0
    __rtentry2.o(.ARM.Collect$$rtentry$$00000008) refers to boardinit2.o(.text) for _platform_post_stackheap_init
    __rtentry2.o(.ARM.Collect$$rtentry$$0000000A) refers to libinit.o(.ARM.Collect$$libinit$$00000000) for __rt_lib_init
    __rtentry2.o(.ARM.Collect$$rtentry$$0000000B) refers to boardinit3.o(.text) for _platform_post_lib_init
    __rtentry2.o(.ARM.Collect$$rtentry$$0000000D) refers to exit.o(.text) for exit
    __rtentry2.o(.ARM.Collect$$rtentry$$0000000D) refers to inputcontrolunit.o(i.main) for main
    __rtentry2.o(.ARM.exidx) refers to __rtentry2.o(.ARM.Collect$$rtentry$$00000001) for .ARM.Collect$$rtentry$$00000001
    __rtentry2.o(.ARM.exidx) refers to __rtentry2.o(.ARM.Collect$$rtentry$$00000008) for .ARM.Collect$$rtentry$$00000008
    __rtentry2.o(.ARM.exidx) refers to __rtentry2.o(.ARM.Collect$$rtentry$$0000000A) for .ARM.Collect$$rtentry$$0000000A
    __rtentry2.o(.ARM.exidx) refers to __rtentry2.o(.ARM.Collect$$rtentry$$0000000B) for .ARM.Collect$$rtentry$$0000000B
    __rtentry2.o(.ARM.exidx) refers to __rtentry2.o(.ARM.Collect$$rtentry$$0000000D) for .ARM.Collect$$rtentry$$0000000D
    __rtentry4.o(.ARM.Collect$$rtentry$$00000004) refers to sys_stackheap_outer.o(.text) for __user_setup_stackheap
    __rtentry4.o(.ARM.exidx) refers to __rtentry4.o(.ARM.Collect$$rtentry$$00000004) for .ARM.Collect$$rtentry$$00000004
    rt_div0.o(.text) refers to defsig_fpe_outer.o(.text) for __rt_SIGFPE
    sys_stackheap_outer.o(.text) refers to libspace.o(.text) for __user_perproc_libspace
    sys_stackheap_outer.o(.text) refers to startup.o(.text) for __user_initial_stackheap
    exit.o(.text) refers to rtexit.o(.ARM.Collect$$rtexit$$00000000) for __rt_exit
    defsig_fpe_outer.o(.text) refers to defsig_fpe_inner.o(.text) for __rt_SIGFPE_inner
    defsig_fpe_outer.o(.text) refers to defsig_exit.o(.text) for __sig_exit
    defsig_fpe_formal.o(.text) refers to rt_raise.o(.text) for __rt_raise
    libinit.o(.ARM.Collect$$libinit$$00000000) refers (Special) to libinit2.o(.ARM.Collect$$libinit$$0000002E) for __rt_lib_init_alloca_1
    libinit.o(.ARM.Collect$$libinit$$00000000) refers (Special) to libinit2.o(.ARM.Collect$$libinit$$0000002C) for __rt_lib_init_argv_1
    libinit.o(.ARM.Collect$$libinit$$00000000) refers (Special) to libinit2.o(.ARM.Collect$$libinit$$0000001B) for __rt_lib_init_atexit_1
    libinit.o(.ARM.Collect$$libinit$$00000000) refers (Special) to libinit2.o(.ARM.Collect$$libinit$$00000021) for __rt_lib_init_clock_1
    libinit.o(.ARM.Collect$$libinit$$00000000) refers (Special) to libinit2.o(.ARM.Collect$$libinit$$00000032) for __rt_lib_init_cpp_1
    libinit.o(.ARM.Collect$$libinit$$00000000) refers (Special) to libinit2.o(.ARM.Collect$$libinit$$00000030) for __rt_lib_init_exceptions_1
    libinit.o(.ARM.Collect$$libinit$$00000000) refers (Special) to libinit2.o(.ARM.Collect$$libinit$$00000002) for __rt_lib_init_fp_1
    libinit.o(.ARM.Collect$$libinit$$00000000) refers (Special) to libinit2.o(.ARM.Collect$$libinit$$0000001F) for __rt_lib_init_fp_trap_1
    libinit.o(.ARM.Collect$$libinit$$00000000) refers (Special) to libinit2.o(.ARM.Collect$$libinit$$00000023) for __rt_lib_init_getenv_1
    libinit.o(.ARM.Collect$$libinit$$00000000) refers (Special) to libinit2.o(.ARM.Collect$$libinit$$0000000A) for __rt_lib_init_heap_1
    libinit.o(.ARM.Collect$$libinit$$00000000) refers (Special) to libinit2.o(.ARM.Collect$$libinit$$00000011) for __rt_lib_init_lc_collate_1
    libinit.o(.ARM.Collect$$libinit$$00000000) refers (Special) to libinit2.o(.ARM.Collect$$libinit$$00000013) for __rt_lib_init_lc_ctype_1
    libinit.o(.ARM.Collect$$libinit$$00000000) refers (Special) to libinit2.o(.ARM.Collect$$libinit$$00000015) for __rt_lib_init_lc_monetary_1
    libinit.o(.ARM.Collect$$libinit$$00000000) refers (Special) to libinit2.o(.ARM.Collect$$libinit$$00000017) for __rt_lib_init_lc_numeric_1
    libinit.o(.ARM.Collect$$libinit$$00000000) refers (Special) to libinit2.o(.ARM.Collect$$libinit$$00000019) for __rt_lib_init_lc_time_1
    libinit.o(.ARM.Collect$$libinit$$00000000) refers (Special) to libinit2.o(.ARM.Collect$$libinit$$00000004) for __rt_lib_init_preinit_1
    libinit.o(.ARM.Collect$$libinit$$00000000) refers (Special) to libinit2.o(.ARM.Collect$$libinit$$0000000E) for __rt_lib_init_rand_1
    libinit.o(.ARM.Collect$$libinit$$00000000) refers (Special) to libinit2.o(.ARM.Collect$$libinit$$00000033) for __rt_lib_init_return
    libinit.o(.ARM.Collect$$libinit$$00000000) refers (Special) to libinit2.o(.ARM.Collect$$libinit$$0000001D) for __rt_lib_init_signal_1
    libinit.o(.ARM.Collect$$libinit$$00000000) refers (Special) to libinit2.o(.ARM.Collect$$libinit$$00000025) for __rt_lib_init_stdio_1
    libinit.o(.ARM.Collect$$libinit$$00000000) refers (Special) to libinit2.o(.ARM.Collect$$libinit$$0000000C) for __rt_lib_init_user_alloc_1
    libspace.o(.text) refers to libspace.o(.bss) for __libspace_start
    rtexit.o(.ARM.Collect$$rtexit$$00000000) refers (Special) to rtexit2.o(.ARM.Collect$$rtexit$$00000004) for __rt_exit_exit
    rtexit.o(.ARM.Collect$$rtexit$$00000000) refers (Special) to rtexit2.o(.ARM.Collect$$rtexit$$00000003) for __rt_exit_ls
    rtexit.o(.ARM.Collect$$rtexit$$00000000) refers (Special) to rtexit2.o(.ARM.Collect$$rtexit$$00000002) for __rt_exit_prels_1
    rtexit.o(.ARM.exidx) refers (Special) to rtexit2.o(.ARM.Collect$$rtexit$$00000004) for __rt_exit_exit
    rtexit.o(.ARM.exidx) refers (Special) to rtexit2.o(.ARM.Collect$$rtexit$$00000003) for __rt_exit_ls
    rtexit.o(.ARM.exidx) refers (Special) to rtexit2.o(.ARM.Collect$$rtexit$$00000002) for __rt_exit_prels_1
    rtexit.o(.ARM.exidx) refers to rtexit.o(.ARM.Collect$$rtexit$$00000000) for .ARM.Collect$$rtexit$$00000000
    rt_raise.o(.text) refers to __raise.o(.text) for __raise
    rt_raise.o(.text) refers to sys_exit.o(.text) for _sys_exit
    defsig_exit.o(.text) refers to sys_exit.o(.text) for _sys_exit
    defsig_fpe_inner.o(.text) refers to defsig_general.o(.text) for __default_signal_display
    libinit2.o(.ARM.Collect$$libinit$$00000001) refers to fpinit.o(x$fpl$fpinit) for _fp_init
    libinit2.o(.ARM.Collect$$libinit$$00000010) refers to libinit2.o(.ARM.Collect$$libinit$$0000000F) for .ARM.Collect$$libinit$$0000000F
    libinit2.o(.ARM.Collect$$libinit$$00000012) refers to libinit2.o(.ARM.Collect$$libinit$$0000000F) for .ARM.Collect$$libinit$$0000000F
    libinit2.o(.ARM.Collect$$libinit$$00000014) refers to libinit2.o(.ARM.Collect$$libinit$$0000000F) for .ARM.Collect$$libinit$$0000000F
    libinit2.o(.ARM.Collect$$libinit$$00000016) refers to libinit2.o(.ARM.Collect$$libinit$$0000000F) for .ARM.Collect$$libinit$$0000000F
    libinit2.o(.ARM.Collect$$libinit$$00000018) refers to libinit2.o(.ARM.Collect$$libinit$$0000000F) for .ARM.Collect$$libinit$$0000000F
    libinit2.o(.ARM.Collect$$libinit$$00000026) refers to argv_veneer.o(.emb_text) for __ARM_argv_veneer
    libinit2.o(.ARM.Collect$$libinit$$00000027) refers to argv_veneer.o(.emb_text) for __ARM_argv_veneer
    sys_exit.o(.text) refers (Special) to use_no_semi.o(.text) for __I$use$semihosting
    sys_exit.o(.text) refers (Special) to indicate_semi.o(.text) for __semihosting_library_function
    rtexit2.o(.ARM.Collect$$rtexit$$00000003) refers to libshutdown.o(.ARM.Collect$$libshutdown$$00000000) for __rt_lib_shutdown
    rtexit2.o(.ARM.Collect$$rtexit$$00000004) refers to sys_exit.o(.text) for _sys_exit
    rtexit2.o(.ARM.exidx) refers to rtexit2.o(.ARM.Collect$$rtexit$$00000001) for .ARM.Collect$$rtexit$$00000001
    rtexit2.o(.ARM.exidx) refers to rtexit2.o(.ARM.Collect$$rtexit$$00000003) for .ARM.Collect$$rtexit$$00000003
    rtexit2.o(.ARM.exidx) refers to rtexit2.o(.ARM.Collect$$rtexit$$00000004) for .ARM.Collect$$rtexit$$00000004
    __raise.o(.text) refers to __raise.o(i.__ARM_common_call_via_r2) for __ARM_common_call_via_r2
    __raise.o(.text) refers to defsig.o(CL$$defsig) for __default_signal_handler
    defsig_general.o(.text) refers to sys_wrch.o(.text) for _ttywrch
    argv_veneer.o(.emb_text) refers to no_argv.o(.text) for __ARM_get_argv
    sys_wrch.o(.text) refers (Special) to use_no_semi.o(.text) for __I$use$semihosting
    sys_wrch.o(.text) refers (Special) to indicate_semi.o(.text) for __semihosting_library_function
    defsig.o(CL$$defsig) refers to defsig_fpe_inner.o(.text) for __rt_SIGFPE_inner
    defsig.o(CL$$defsig) refers to defsig_rtmem_inner.o(.text) for __rt_SIGRTMEM_inner
    _get_argv_nomalloc.o(.text) refers (Special) to hrguard.o(.text) for __heap_region$guard
    _get_argv_nomalloc.o(.text) refers to defsig_rtmem_outer.o(.text) for __rt_SIGRTMEM
    _get_argv_nomalloc.o(.text) refers to sys_command.o(.text) for _sys_command_string
    libshutdown.o(.ARM.Collect$$libshutdown$$00000000) refers (Special) to libshutdown2.o(.ARM.Collect$$libshutdown$$00000002) for __rt_lib_shutdown_cpp_1
    libshutdown.o(.ARM.Collect$$libshutdown$$00000000) refers (Special) to libshutdown2.o(.ARM.Collect$$libshutdown$$00000007) for __rt_lib_shutdown_fp_trap_1
    libshutdown.o(.ARM.Collect$$libshutdown$$00000000) refers (Special) to libshutdown2.o(.ARM.Collect$$libshutdown$$0000000F) for __rt_lib_shutdown_heap_1
    libshutdown.o(.ARM.Collect$$libshutdown$$00000000) refers (Special) to libshutdown2.o(.ARM.Collect$$libshutdown$$00000010) for __rt_lib_shutdown_return
    libshutdown.o(.ARM.Collect$$libshutdown$$00000000) refers (Special) to libshutdown2.o(.ARM.Collect$$libshutdown$$0000000A) for __rt_lib_shutdown_signal_1
    libshutdown.o(.ARM.Collect$$libshutdown$$00000000) refers (Special) to libshutdown2.o(.ARM.Collect$$libshutdown$$00000004) for __rt_lib_shutdown_stdio_1
    libshutdown.o(.ARM.Collect$$libshutdown$$00000000) refers (Special) to libshutdown2.o(.ARM.Collect$$libshutdown$$0000000C) for __rt_lib_shutdown_user_alloc_1
    sys_command.o(.text) refers (Special) to use_no_semi.o(.text) for __I$use$semihosting
    sys_command.o(.text) refers (Special) to indicate_semi.o(.text) for __semihosting_library_function
    defsig_abrt_inner.o(.text) refers to defsig_general.o(.text) for __default_signal_display
    defsig_rtred_inner.o(.text) refers to defsig_general.o(.text) for __default_signal_display
    defsig_rtmem_inner.o(.text) refers to defsig_general.o(.text) for __default_signal_display
    defsig_rtmem_outer.o(.text) refers to defsig_rtmem_inner.o(.text) for __rt_SIGRTMEM_inner
    defsig_rtmem_outer.o(.text) refers to defsig_exit.o(.text) for __sig_exit
    defsig_rtmem_formal.o(.text) refers to rt_raise.o(.text) for __rt_raise
    defsig_stak_inner.o(.text) refers to defsig_general.o(.text) for __default_signal_display
    defsig_pvfn_inner.o(.text) refers to defsig_general.o(.text) for __default_signal_display
    defsig_cppl_inner.o(.text) refers to defsig_general.o(.text) for __default_signal_display
    defsig_segv_inner.o(.text) refers to defsig_general.o(.text) for __default_signal_display
    defsig_other.o(.text) refers to defsig_general.o(.text) for __default_signal_display


==============================================================================

Removing Unused input sections from the image.

    Removing startup.o(RESET), (272 bytes).
    Removing commmng.o(i.Recieve_message), (68 bytes).
    Removing commmng.o(i.initSerial), (44 bytes).
    Removing doorsensor.o(i.getDoorState), (24 bytes).
    Removing doorsensor.o(i.initDoorSensor), (28 bytes).
    Removing lightswitch.o(i.getSwitchState), (24 bytes).
    Removing lightswitch.o(i.initLightSwitch), (28 bytes).
    Removing speedsensor.o(i.getSpeedState), (24 bytes).
    Removing speedsensor.o(i.initSpeedSensor), (28 bytes).
    Removing can.o(i.CAN_Params_init), (4 bytes).
    Removing can.o(i.CAN_close), (4 bytes).
    Removing can.o(i.CAN_control), (12 bytes).
    Removing can.o(i.CAN_init), (4 bytes).
    Removing can.o(i.CAN_open), (8 bytes).
    Removing can.o(i.CAN_read), (12 bytes).
    Removing can.o(i.CAN_write), (12 bytes).
    Removing gpio.o(i.GPIO_init), (168 bytes).
    Removing gpio.o(i.GPIO_readPin), (84 bytes).
    Removing gpio.o(i.GPIO_readRegister), (68 bytes).
    Removing gpio.o(i.GPIO_writePin), (180 bytes).
    Removing gpio.o(i.GPIO_writeRegister), (88 bytes).
    Removing event_groups.o(i.prvTestWaitCondition), (56 bytes).
    Removing event_groups.o(i.uxEventGroupGetNumber), (32 bytes).
    Removing event_groups.o(i.vEventGroupClearBitsCallback), (32 bytes).
    Removing event_groups.o(i.vEventGroupDelete), (68 bytes).
    Removing event_groups.o(i.vEventGroupSetBitsCallback), (32 bytes).
    Removing event_groups.o(i.vEventGroupSetNumber), (8 bytes).
    Removing event_groups.o(i.xEventGroupClearBits), (52 bytes).
    Removing event_groups.o(i.xEventGroupCreate), (52 bytes).
    Removing event_groups.o(i.xEventGroupGetBitsFromISR), (20 bytes).
    Removing event_groups.o(i.xEventGroupSetBits), (252 bytes).
    Removing event_groups.o(i.xEventGroupSync), (244 bytes).
    Removing event_groups.o(i.xEventGroupWaitBits), (320 bytes).
    Removing heap_2.o(i.pvPortCalloc), (108 bytes).
    Removing heap_2.o(i.vPortInitialiseBlocks), (4 bytes).
    Removing heap_2.o(i.xPortGetFreeHeapSize), (16 bytes).
    Removing list.o(i.vListInsertEnd), (48 bytes).
    Removing port.o(i.vPortEndScheduler), (4 bytes).
    Removing queue.o(i.prvCopyDataFromQueue), (88 bytes).
    Removing queue.o(i.prvCopyDataToQueue), (204 bytes).
    Removing queue.o(i.prvInitialiseNewQueue), (76 bytes).
    Removing queue.o(i.prvIsQueueEmpty), (52 bytes).
    Removing queue.o(i.prvIsQueueFull), (56 bytes).
    Removing queue.o(i.prvUnlockQueue), (232 bytes).
    Removing queue.o(i.ucQueueGetQueueType), (12 bytes).
    Removing queue.o(i.uxQueueGetQueueNumber), (12 bytes).
    Removing queue.o(i.uxQueueMessagesWaiting), (32 bytes).
    Removing queue.o(i.uxQueueMessagesWaitingFromISR), (16 bytes).
    Removing queue.o(i.uxQueueSpacesAvailable), (44 bytes).
    Removing queue.o(i.vQueueDelete), (28 bytes).
    Removing queue.o(i.vQueueSetQueueNumber), (8 bytes).
    Removing queue.o(i.xQueueGenericCreate), (128 bytes).
    Removing queue.o(i.xQueueGenericReset), (244 bytes).
    Removing queue.o(i.xQueueGenericSend), (380 bytes).
    Removing queue.o(i.xQueueGenericSendFromISR), (220 bytes).
    Removing queue.o(i.xQueueGiveFromISR), (184 bytes).
    Removing queue.o(i.xQueueIsQueueEmptyFromISR), (36 bytes).
    Removing queue.o(i.xQueueIsQueueFullFromISR), (40 bytes).
    Removing queue.o(i.xQueuePeek), (364 bytes).
    Removing queue.o(i.xQueuePeekFromISR), (76 bytes).
    Removing queue.o(i.xQueueReceive), (364 bytes).
    Removing queue.o(i.xQueueReceiveFromISR), (200 bytes).
    Removing queue.o(i.xQueueSemaphoreTake), (348 bytes).
    Removing stream_buffer.o(i.prvBytesInBuffer), (48 bytes).
    Removing stream_buffer.o(i.prvInitialiseNewStreamBuffer), (64 bytes).
    Removing stream_buffer.o(i.prvReadBytesFromBuffer), (136 bytes).
    Removing stream_buffer.o(i.prvReadMessageFromBuffer), (160 bytes).
    Removing stream_buffer.o(i.prvWriteBytesToBuffer), (136 bytes).
    Removing stream_buffer.o(i.prvWriteMessageToBuffer), (160 bytes).
    Removing stream_buffer.o(i.ucStreamBufferGetStreamBufferType), (16 bytes).
    Removing stream_buffer.o(i.uxStreamBufferGetStreamBufferNumber), (12 bytes).
    Removing stream_buffer.o(i.vStreamBufferDelete), (60 bytes).
    Removing stream_buffer.o(i.vStreamBufferSetStreamBufferNumber), (8 bytes).
    Removing stream_buffer.o(i.xStreamBufferBytesAvailable), (36 bytes).
    Removing stream_buffer.o(i.xStreamBufferGenericCreate), (136 bytes).
    Removing stream_buffer.o(i.xStreamBufferIsEmpty), (40 bytes).
    Removing stream_buffer.o(i.xStreamBufferIsFull), (80 bytes).
    Removing stream_buffer.o(i.xStreamBufferNextMessageLengthBytes), (100 bytes).
    Removing stream_buffer.o(i.xStreamBufferReceive), (288 bytes).
    Removing stream_buffer.o(i.xStreamBufferReceiveCompletedFromISR), (92 bytes).
    Removing stream_buffer.o(i.xStreamBufferReceiveFromISR), (180 bytes).
    Removing stream_buffer.o(i.xStreamBufferReset), (108 bytes).
    Removing stream_buffer.o(i.xStreamBufferSend), (388 bytes).
    Removing stream_buffer.o(i.xStreamBufferSendCompletedFromISR), (92 bytes).
    Removing stream_buffer.o(i.xStreamBufferSendFromISR), (184 bytes).
    Removing stream_buffer.o(i.xStreamBufferSetTriggerLevel), (52 bytes).
    Removing stream_buffer.o(i.xStreamBufferSpacesAvailable), (84 bytes).
    Removing tasks.o(i.eTaskGetState), (240 bytes).
    Removing tasks.o(i.pcTaskGetName), (44 bytes).
    Removing tasks.o(i.prvListTasksWithinSingleList), (188 bytes).
    Removing tasks.o(i.prvTaskCheckFreeStackSpace), (48 bytes).
    Removing tasks.o(i.prvTaskIsTaskSuspended), (132 bytes).
    Removing tasks.o(i.ulTaskGenericNotifyTake), (212 bytes).
    Removing tasks.o(i.ulTaskGenericNotifyValueClear), (96 bytes).
    Removing tasks.o(i.uxTaskGetNumberOfTasks), (16 bytes).
    Removing tasks.o(i.uxTaskGetSystemState), (252 bytes).
    Removing tasks.o(i.uxTaskGetTaskNumber), (32 bytes).
    Removing tasks.o(i.uxTaskPriorityGet), (64 bytes).
    Removing tasks.o(i.uxTaskPriorityGetFromISR), (48 bytes).
    Removing tasks.o(i.uxTaskResetEventItemValue), (48 bytes).
    Removing tasks.o(i.vTaskDelay), (64 bytes).
    Removing tasks.o(i.vTaskDelete), (260 bytes).
    Removing tasks.o(i.vTaskEndScheduler), (44 bytes).
    Removing tasks.o(i.vTaskGenericNotifyGiveFromISR), (448 bytes).
    Removing tasks.o(i.vTaskGetInfo), (232 bytes).
    Removing tasks.o(i.vTaskInternalSetTimeOutState), (36 bytes).
    Removing tasks.o(i.vTaskMissedYield), (20 bytes).
    Removing tasks.o(i.vTaskPlaceOnEventList), (56 bytes).
    Removing tasks.o(i.vTaskPlaceOnUnorderedEventList), (148 bytes).
    Removing tasks.o(i.vTaskPrioritySet), (408 bytes).
    Removing tasks.o(i.vTaskRemoveFromUnorderedEventList), (356 bytes).
    Removing tasks.o(i.vTaskResume), (252 bytes).
    Removing tasks.o(i.vTaskSetTaskNumber), (20 bytes).
    Removing tasks.o(i.vTaskSetTimeOutState), (56 bytes).
    Removing tasks.o(i.vTaskSuspend), (268 bytes).
    Removing tasks.o(i.xTaskCatchUpTicks), (64 bytes).
    Removing tasks.o(i.xTaskCheckForTimeOut), (176 bytes).
    Removing tasks.o(i.xTaskGenericNotify), (504 bytes).
    Removing tasks.o(i.xTaskGenericNotifyFromISR), (620 bytes).
    Removing tasks.o(i.xTaskGenericNotifyStateClear), (104 bytes).
    Removing tasks.o(i.xTaskGenericNotifyWait), (264 bytes).
    Removing tasks.o(i.xTaskGetCurrentTaskHandle), (16 bytes).
    Removing tasks.o(i.xTaskGetTickCount), (36 bytes).
    Removing tasks.o(i.xTaskGetTickCountFromISR), (20 bytes).
    Removing tasks.o(i.xTaskRemoveFromEventList), (468 bytes).
    Removing tasks.o(i.xTaskResumeFromISR), (288 bytes).

126 unused section(s) (total 15284 bytes) removed from the image.

==============================================================================

Adding Veneers to the image

    Adding AT veneer (8 bytes, Inline) for call to '__rt_lib_init' from __rtentry2.o(.ARM.Collect$$rtentry$$0000000A).
    Adding AT veneer (8 bytes, Inline) for call to '__rt_lib_shutdown' from rtexit2.o(.ARM.Collect$$rtexit$$00000003).
    Adding TA veneer (4 bytes, Inline) for call to '__rt_exit' from exit.o(.text).
    Adding AT veneer (8 bytes, Inline) for call to '_sys_exit' from rtexit2.o(.ARM.Collect$$rtexit$$00000004).

4 Veneer(s) (total 28 bytes) added to the image.

==============================================================================

Image Symbol Table

    Local Symbols

    Symbol Name                              Value     Ov Type        Size  Object(Section)

    !!!main                                  0x00000000   Section        8  __main.o(!!!main)
    ../clib/angel/boardlib.s                 0x00000000   Number         0  boardinit3.o ABSOLUTE
    ../clib/angel/boardlib.s                 0x00000000   Number         0  boardinit2.o ABSOLUTE
    ../clib/angel/boardlib.s                 0x00000000   Number         0  boardinit1.o ABSOLUTE
    ../clib/angel/boardlib.s                 0x00000000   Number         0  boardshut.o ABSOLUTE
    ../clib/angel/handlers.s                 0x00000000   Number         0  __scatter_zi.o ABSOLUTE
    ../clib/angel/handlers.s                 0x00000000   Number         0  __scatter_copy.o ABSOLUTE
    ../clib/angel/kernel.s                   0x00000000   Number         0  rtexit2.o ABSOLUTE
    ../clib/angel/kernel.s                   0x00000000   Number         0  __rtentry4.o ABSOLUTE
    ../clib/angel/kernel.s                   0x00000000   Number         0  __rtentry2.o ABSOLUTE
    ../clib/angel/kernel.s                   0x00000000   Number         0  __rtentry.o ABSOLUTE
    ../clib/angel/kernel.s                   0x00000000   Number         0  rtexit.o ABSOLUTE
    ../clib/angel/rt.s                       0x00000000   Number         0  rt_div0.o ABSOLUTE
    ../clib/angel/rt.s                       0x00000000   Number         0  aeabi_idiv0_sigfpe.o ABSOLUTE
    ../clib/angel/rt.s                       0x00000000   Number         0  aeabi_idiv0.o ABSOLUTE
    ../clib/angel/rt.s                       0x00000000   Number         0  rt_raise.o ABSOLUTE
    ../clib/angel/scatter.s                  0x00000000   Number         0  __scatter.o ABSOLUTE
    ../clib/angel/startup.s                  0x00000000   Number         0  __main.o ABSOLUTE
    ../clib/angel/sys.s                      0x00000000   Number         0  libspace.o ABSOLUTE
    ../clib/angel/sys.s                      0x00000000   Number         0  sys_stackheap_outer.o ABSOLUTE
    ../clib/angel/sys.s                      0x00000000   Number         0  use_no_semi.o ABSOLUTE
    ../clib/angel/sys.s                      0x00000000   Number         0  indicate_semi.o ABSOLUTE
    ../clib/angel/sysapp.c                   0x00000000   Number         0  sys_exit.o ABSOLUTE
    ../clib/angel/sysapp.c                   0x00000000   Number         0  sys_wrch.o ABSOLUTE
    ../clib/angel/sysapp.c                   0x00000000   Number         0  sys_command.o ABSOLUTE
    ../clib/armsys.c                         0x00000000   Number         0  argv_veneer.o ABSOLUTE
    ../clib/armsys.c                         0x00000000   Number         0  _get_argv_nomalloc.o ABSOLUTE
    ../clib/armsys.c                         0x00000000   Number         0  no_argv.o ABSOLUTE
    ../clib/armsys.c                         0x00000000   Number         0  argv_veneer.o ABSOLUTE
    ../clib/division.s                       0x00000000   Number         0  aeabi_sdiv_div0.o ABSOLUTE
    ../clib/division.s                       0x00000000   Number         0  aeabi_sdiv.o ABSOLUTE
    ../clib/divrt.s                          0x00000000   Number         0  divrt_7tdmi.o ABSOLUTE
    ../clib/divrt.s                          0x00000000   Number         0  divrt_7tdmi_div0.o ABSOLUTE
    ../clib/heapalloc.c                      0x00000000   Number         0  hrguard.o ABSOLUTE
    ../clib/heapaux.c                        0x00000000   Number         0  heapauxi.o ABSOLUTE
    ../clib/libinit.s                        0x00000000   Number         0  libinit.o ABSOLUTE
    ../clib/libinit.s                        0x00000000   Number         0  libshutdown2.o ABSOLUTE
    ../clib/libinit.s                        0x00000000   Number         0  libinit2.o ABSOLUTE
    ../clib/libinit.s                        0x00000000   Number         0  libshutdown.o ABSOLUTE
    ../clib/memcpset.s                       0x00000000   Number         0  rt_memcpy_w.o ABSOLUTE
    ../clib/memcpset.s                       0x00000000   Number         0  rt_memcpy.o ABSOLUTE
    ../clib/memcpset.s                       0x00000000   Number         0  aeabi_memset.o ABSOLUTE
    ../clib/memcpset.s                       0x00000000   Number         0  rt_memclr.o ABSOLUTE
    ../clib/memcpset.s                       0x00000000   Number         0  rt_memclr_w.o ABSOLUTE
    ../clib/signal.c                         0x00000000   Number         0  defsig_segv_inner.o ABSOLUTE
    ../clib/signal.c                         0x00000000   Number         0  defsig_cppl_inner.o ABSOLUTE
    ../clib/signal.c                         0x00000000   Number         0  defsig_pvfn_inner.o ABSOLUTE
    ../clib/signal.c                         0x00000000   Number         0  defsig_rtmem_formal.o ABSOLUTE
    ../clib/signal.c                         0x00000000   Number         0  defsig_rtmem_outer.o ABSOLUTE
    ../clib/signal.c                         0x00000000   Number         0  defsig_rtmem_inner.o ABSOLUTE
    ../clib/signal.c                         0x00000000   Number         0  defsig_rtred_inner.o ABSOLUTE
    ../clib/signal.c                         0x00000000   Number         0  defsig_abrt_inner.o ABSOLUTE
    ../clib/signal.c                         0x00000000   Number         0  __raise.o ABSOLUTE
    ../clib/signal.c                         0x00000000   Number         0  defsig_fpe_formal.o ABSOLUTE
    ../clib/signal.c                         0x00000000   Number         0  defsig_fpe_outer.o ABSOLUTE
    ../clib/signal.c                         0x00000000   Number         0  defsig_fpe_inner.o ABSOLUTE
    ../clib/signal.c                         0x00000000   Number         0  defsig_exit.o ABSOLUTE
    ../clib/signal.c                         0x00000000   Number         0  defsig_stak_inner.o ABSOLUTE
    ../clib/signal.c                         0x00000000   Number         0  defsig_other.o ABSOLUTE
    ../clib/signal.c                         0x00000000   Number         0  defsig_general.o ABSOLUTE
    ../clib/signal.s                         0x00000000   Number         0  defsig.o ABSOLUTE
    ../clib/stdlib.c                         0x00000000   Number         0  exit.o ABSOLUTE
    ../fplib/fpinit.s                        0x00000000   Number         0  fpinit.o ABSOLUTE
    Application\InputControlUnit.c           0x00000000   Number         0  inputcontrolunit.o ABSOLUTE
    HAL\DoorSensor.c                         0x00000000   Number         0  doorsensor.o ABSOLUTE
    HAL\LightSwitch.c                        0x00000000   Number         0  lightswitch.o ABSOLUTE
    HAL\SpeedSensor.c                        0x00000000   Number         0  speedsensor.o ABSOLUTE
    MCAL\CAN.c                               0x00000000   Number         0  can.o ABSOLUTE
    MCAL\GPIO.c                              0x00000000   Number         0  gpio.o ABSOLUTE
    OS\croutine.c                            0x00000000   Number         0  croutine.o ABSOLUTE
    OS\event_groups.c                        0x00000000   Number         0  event_groups.o ABSOLUTE
    OS\heap_2.c                              0x00000000   Number         0  heap_2.o ABSOLUTE
    OS\list.c                                0x00000000   Number         0  list.o ABSOLUTE
    OS\port.c                                0x00000000   Number         0  port.o ABSOLUTE
    OS\portASM.s                             0x00000000   Number         0  portasm.o ABSOLUTE
    OS\queue.c                               0x00000000   Number         0  queue.o ABSOLUTE
    OS\stream_buffer.c                       0x00000000   Number         0  stream_buffer.o ABSOLUTE
    OS\tasks.c                               0x00000000   Number         0  tasks.o ABSOLUTE
    OS\timers.c                              0x00000000   Number         0  timers.o ABSOLUTE
    Services\CommMng.c                       0x00000000   Number         0  commmng.o ABSOLUTE
    Services\SensorMng.c                     0x00000000   Number         0  sensormng.o ABSOLUTE
    Startup.s                                0x00000000   Number         0  startup.o ABSOLUTE
    dc.s                                     0x00000000   Number         0  dc.o ABSOLUTE
    !!!scatter                               0x00000008   Section       60  __scatter.o(!!!scatter)
    !!handler_copy                           0x00000044   Section       40  __scatter_copy.o(!!handler_copy)
    !!handler_zi                             0x0000006c   Section       44  __scatter_zi.o(!!handler_zi)
    .ARM.Collect$$libinit$$00000000          0x000000a0   Section        2  libinit.o(.ARM.Collect$$libinit$$00000000)
    .ARM.Collect$$libinit$$00000002          0x000000a2   Section        0  libinit2.o(.ARM.Collect$$libinit$$00000002)
    .ARM.Collect$$libinit$$00000004          0x000000a2   Section        0  libinit2.o(.ARM.Collect$$libinit$$00000004)
    .ARM.Collect$$libinit$$0000000A          0x000000a2   Section        0  libinit2.o(.ARM.Collect$$libinit$$0000000A)
    .ARM.Collect$$libinit$$0000000C          0x000000a2   Section        0  libinit2.o(.ARM.Collect$$libinit$$0000000C)
    .ARM.Collect$$libinit$$0000000E          0x000000a2   Section        0  libinit2.o(.ARM.Collect$$libinit$$0000000E)
    .ARM.Collect$$libinit$$00000011          0x000000a2   Section        0  libinit2.o(.ARM.Collect$$libinit$$00000011)
    .ARM.Collect$$libinit$$00000013          0x000000a2   Section        0  libinit2.o(.ARM.Collect$$libinit$$00000013)
    .ARM.Collect$$libinit$$00000015          0x000000a2   Section        0  libinit2.o(.ARM.Collect$$libinit$$00000015)
    .ARM.Collect$$libinit$$00000017          0x000000a2   Section        0  libinit2.o(.ARM.Collect$$libinit$$00000017)
    .ARM.Collect$$libinit$$00000019          0x000000a2   Section        0  libinit2.o(.ARM.Collect$$libinit$$00000019)
    .ARM.Collect$$libinit$$0000001B          0x000000a2   Section        0  libinit2.o(.ARM.Collect$$libinit$$0000001B)
    .ARM.Collect$$libinit$$0000001D          0x000000a2   Section        0  libinit2.o(.ARM.Collect$$libinit$$0000001D)
    .ARM.Collect$$libinit$$0000001F          0x000000a2   Section        0  libinit2.o(.ARM.Collect$$libinit$$0000001F)
    .ARM.Collect$$libinit$$00000021          0x000000a2   Section        0  libinit2.o(.ARM.Collect$$libinit$$00000021)
    .ARM.Collect$$libinit$$00000023          0x000000a2   Section        0  libinit2.o(.ARM.Collect$$libinit$$00000023)
    .ARM.Collect$$libinit$$00000025          0x000000a2   Section        0  libinit2.o(.ARM.Collect$$libinit$$00000025)
    .ARM.Collect$$libinit$$0000002C          0x000000a2   Section        0  libinit2.o(.ARM.Collect$$libinit$$0000002C)
    .ARM.Collect$$libinit$$0000002E          0x000000a2   Section        0  libinit2.o(.ARM.Collect$$libinit$$0000002E)
    .ARM.Collect$$libinit$$00000030          0x000000a2   Section        0  libinit2.o(.ARM.Collect$$libinit$$00000030)
    .ARM.Collect$$libinit$$00000032          0x000000a2   Section        0  libinit2.o(.ARM.Collect$$libinit$$00000032)
    .ARM.Collect$$libinit$$00000033          0x000000a2   Section       12  libinit2.o(.ARM.Collect$$libinit$$00000033)
    .ARM.Collect$$libshutdown$$00000000      0x000000b8   Section        4  libshutdown.o(.ARM.Collect$$libshutdown$$00000000)
    .ARM.Collect$$libshutdown$$00000002      0x000000bc   Section        0  libshutdown2.o(.ARM.Collect$$libshutdown$$00000002)
    .ARM.Collect$$libshutdown$$00000004      0x000000bc   Section        0  libshutdown2.o(.ARM.Collect$$libshutdown$$00000004)
    .ARM.Collect$$libshutdown$$00000007      0x000000bc   Section        0  libshutdown2.o(.ARM.Collect$$libshutdown$$00000007)
    .ARM.Collect$$libshutdown$$0000000A      0x000000bc   Section        0  libshutdown2.o(.ARM.Collect$$libshutdown$$0000000A)
    .ARM.Collect$$libshutdown$$0000000C      0x000000bc   Section        0  libshutdown2.o(.ARM.Collect$$libshutdown$$0000000C)
    .ARM.Collect$$libshutdown$$0000000F      0x000000bc   Section        0  libshutdown2.o(.ARM.Collect$$libshutdown$$0000000F)
    .ARM.Collect$$libshutdown$$00000010      0x000000bc   Section        6  libshutdown2.o(.ARM.Collect$$libshutdown$$00000010)
    .ARM.Collect$$rtentry$$00000000          0x000000c4   Section        0  __rtentry.o(.ARM.Collect$$rtentry$$00000000)
    .ARM.Collect$$rtentry$$00000002          0x000000c4   Section        0  __rtentry2.o(.ARM.Collect$$rtentry$$00000002)
    .ARM.Collect$$rtentry$$00000004          0x000000c4   Section        8  __rtentry4.o(.ARM.Collect$$rtentry$$00000004)
    .ARM.Collect$$rtentry$$00000009          0x000000cc   Section        0  __rtentry2.o(.ARM.Collect$$rtentry$$00000009)
    .ARM.Collect$$rtentry$$0000000A          0x000000cc   Section        4  __rtentry2.o(.ARM.Collect$$rtentry$$0000000A)
    .ARM.Collect$$rtentry$$0000000C          0x000000d0   Section        0  __rtentry2.o(.ARM.Collect$$rtentry$$0000000C)
    .ARM.Collect$$rtentry$$0000000D          0x000000d0   Section       40  __rtentry2.o(.ARM.Collect$$rtentry$$0000000D)
    .ARM.Collect$$rtexit$$00000000           0x000000fc   Section        4  rtexit.o(.ARM.Collect$$rtexit$$00000000)
    .ARM.Collect$$rtexit$$00000002           0x00000100   Section        0  rtexit2.o(.ARM.Collect$$rtexit$$00000002)
    .ARM.Collect$$rtexit$$00000003           0x00000100   Section        4  rtexit2.o(.ARM.Collect$$rtexit$$00000003)
    .ARM.Collect$$rtexit$$00000004           0x00000104   Section        8  rtexit2.o(.ARM.Collect$$rtexit$$00000004)
    .text                                    0x0000010c   Section       32  startup.o(.text)
    .text                                    0x0000012c   Section       16  aeabi_memset.o(.text)
    .text                                    0x0000013c   Section       64  rt_memclr.o(.text)
    .text                                    0x0000017c   Section       84  rt_memclr_w.o(.text)
    .text                                    0x000001d0   Section        0  heapauxi.o(.text)
    .text                                    0x000001d8   Section       96  sys_stackheap_outer.o(.text)
    .text                                    0x00000238   Section        0  exit.o(.text)
    .text                                    0x0000024c   Section       12  libspace.o(.text)
    .text                                    0x00000260   Section        0  sys_exit.o(.text)
    .text                                    0x0000026c   Section        4  use_no_semi.o(.text)
    .text                                    0x00000270   Section        0  indicate_semi.o(.text)
    PORT_ASM                                 0x00000270   Section      396  portasm.o(PORT_ASM)
    i.Send_message                           0x000003fc   Section        0  commmng.o(i.Send_message)
    i.Task1_DoorState                        0x00000440   Section        0  inputcontrolunit.o(i.Task1_DoorState)
    i.Task2_LightSwitch                      0x00000494   Section        0  inputcontrolunit.o(i.Task2_LightSwitch)
    i.Task3_SpeedState                       0x000004e8   Section        0  inputcontrolunit.o(i.Task3_SpeedState)
    i.configTimer1                           0x0000053c   Section        0  inputcontrolunit.o(i.configTimer1)
    configTimer1                             0x0000053c   ARM Code      32  inputcontrolunit.o(i.configTimer1)
    i.initSensor                             0x00000560   Section        0  sensormng.o(i.initSensor)
    i.main                                   0x000005dc   Section        0  inputcontrolunit.o(i.main)
    i.prvAddCurrentTaskToDelayedList         0x000006a0   Section        0  tasks.o(i.prvAddCurrentTaskToDelayedList)
    prvAddCurrentTaskToDelayedList           0x000006a0   ARM Code     268  tasks.o(i.prvAddCurrentTaskToDelayedList)
    i.prvAddNewTaskToReadyList               0x000007c4   Section        0  tasks.o(i.prvAddNewTaskToReadyList)
    prvAddNewTaskToReadyList                 0x000007c4   ARM Code     352  tasks.o(i.prvAddNewTaskToReadyList)
    i.prvCheckTasksWaitingTermination        0x0000093c   Section        0  tasks.o(i.prvCheckTasksWaitingTermination)
    prvCheckTasksWaitingTermination          0x0000093c   ARM Code     108  tasks.o(i.prvCheckTasksWaitingTermination)
    i.prvDeleteTCB                           0x000009b4   Section        0  tasks.o(i.prvDeleteTCB)
    prvDeleteTCB                             0x000009b4   ARM Code      32  tasks.o(i.prvDeleteTCB)
    i.prvHeapInit                            0x000009d4   Section        0  heap_2.o(i.prvHeapInit)
    prvHeapInit                              0x000009d4   ARM Code      72  heap_2.o(i.prvHeapInit)
    i.prvIdleTask                            0x00000a2c   Section        0  tasks.o(i.prvIdleTask)
    prvIdleTask                              0x00000a2c   ARM Code      32  tasks.o(i.prvIdleTask)
    i.prvInitialiseNewTask                   0x00000a50   Section        0  tasks.o(i.prvInitialiseNewTask)
    prvInitialiseNewTask                     0x00000a50   ARM Code     224  tasks.o(i.prvInitialiseNewTask)
    i.prvInitialiseTaskLists                 0x00000b30   Section        0  tasks.o(i.prvInitialiseTaskLists)
    prvInitialiseTaskLists                   0x00000b30   ARM Code     112  tasks.o(i.prvInitialiseTaskLists)
    i.prvResetNextTaskUnblockTime            0x00000bc0   Section        0  tasks.o(i.prvResetNextTaskUnblockTime)
    prvResetNextTaskUnblockTime              0x00000bc0   ARM Code      84  tasks.o(i.prvResetNextTaskUnblockTime)
    i.prvSetupHardware                       0x00000c1c   Section        0  inputcontrolunit.o(i.prvSetupHardware)
    prvSetupHardware                         0x00000c1c   ARM Code      28  inputcontrolunit.o(i.prvSetupHardware)
    i.prvSetupTimerInterrupt                 0x00000c3c   Section        0  port.o(i.prvSetupTimerInterrupt)
    prvSetupTimerInterrupt                   0x00000c3c   ARM Code     100  port.o(i.prvSetupTimerInterrupt)
    i.pvPortMalloc                           0x00000cac   Section        0  heap_2.o(i.pvPortMalloc)
    i.pxPortInitialiseStack                  0x00000e30   Section        0  port.o(i.pxPortInitialiseStack)
    i.readSensor                             0x00000f34   Section        0  sensormng.o(i.readSensor)
    i.uxListRemove                           0x00000fb0   Section        0  list.o(i.uxListRemove)
    i.vListInitialise                        0x00000ffc   Section        0  list.o(i.vListInitialise)
    i.vListInitialiseItem                    0x00001028   Section        0  list.o(i.vListInitialiseItem)
    i.vListInsert                            0x00001034   Section        0  list.o(i.vListInsert)
    i.vPortEnterCritical                     0x00001094   Section        0  port.o(i.vPortEnterCritical)
    i.vPortExitCritical                      0x000010bc   Section        0  port.o(i.vPortExitCritical)
    i.vPortFree                              0x00001104   Section        0  heap_2.o(i.vPortFree)
    i.vTaskStartScheduler                    0x000011a4   Section        0  tasks.o(i.vTaskStartScheduler)
    i.vTaskSuspendAll                        0x0000123c   Section        0  tasks.o(i.vTaskSuspendAll)
    i.vTaskSwitchContext                     0x00001258   Section        0  tasks.o(i.vTaskSwitchContext)
    i.xPortStartScheduler                    0x00001324   Section        0  port.o(i.xPortStartScheduler)
    i.xTaskCreate                            0x0000133c   Section        0  tasks.o(i.xTaskCreate)
    i.xTaskDelayUntil                        0x000013f4   Section        0  tasks.o(i.xTaskDelayUntil)
    i.xTaskIncrementTick                     0x00001494   Section        0  tasks.o(i.xTaskIncrementTick)
    i.xTaskResumeAll                         0x0000174c   Section        0  tasks.o(i.xTaskResumeAll)
    .data                                    0x40000000   Section       12  inputcontrolunit.o(.data)
    .data                                    0x4000000c   Section       24  heap_2.o(.data)
    xStart                                   0x4000000c   Data           8  heap_2.o(.data)
    xEnd                                     0x40000014   Data           8  heap_2.o(.data)
    xFreeBytesRemaining                      0x4000001c   Data           4  heap_2.o(.data)
    xHeapHasBeenInitialised                  0x40000020   Data           4  heap_2.o(.data)
    .data                                    0x40000024   Section        4  port.o(.data)
    .data                                    0x40000028   Section       64  tasks.o(.data)
    pxDelayedTaskList                        0x4000002c   Data           4  tasks.o(.data)
    pxOverflowDelayedTaskList                0x40000030   Data           4  tasks.o(.data)
    uxDeletedTasksWaitingCleanUp             0x40000034   Data           4  tasks.o(.data)
    uxCurrentNumberOfTasks                   0x40000038   Data           4  tasks.o(.data)
    xTickCount                               0x4000003c   Data           4  tasks.o(.data)
    uxTopReadyPriority                       0x40000040   Data           4  tasks.o(.data)
    xSchedulerRunning                        0x40000044   Data           4  tasks.o(.data)
    xPendedTicks                             0x40000048   Data           4  tasks.o(.data)
    xYieldPending                            0x4000004c   Data           4  tasks.o(.data)
    xNumOfOverflows                          0x40000050   Data           4  tasks.o(.data)
    uxTaskNumber                             0x40000054   Data           4  tasks.o(.data)
    xNextTaskUnblockTime                     0x40000058   Data           4  tasks.o(.data)
    xIdleTaskHandle                          0x4000005c   Data           4  tasks.o(.data)
    uxSchedulerSuspended                     0x40000064   Data           4  tasks.o(.data)
    .bss                                     0x40000068   Section       56  commmng.o(.bss)
    .bss                                     0x400000a0   Section       24  sensormng.o(.bss)
    Sensor                                   0x400000a0   Data          24  sensormng.o(.bss)
    .bss                                     0x400000b8   Section    13312  heap_2.o(.bss)
    ucHeap                                   0x400000b8   Data       13312  heap_2.o(.bss)
    .bss                                     0x400034b8   Section      180  tasks.o(.bss)
    pxReadyTasksLists                        0x400034b8   Data          80  tasks.o(.bss)
    xDelayedTaskList1                        0x40003508   Data          20  tasks.o(.bss)
    xDelayedTaskList2                        0x4000351c   Data          20  tasks.o(.bss)
    xPendingReadyList                        0x40003530   Data          20  tasks.o(.bss)
    xTasksWaitingTermination                 0x40003544   Data          20  tasks.o(.bss)
    xSuspendedTaskList                       0x40003558   Data          20  tasks.o(.bss)
    .bss                                     0x4000356c   Section       96  libspace.o(.bss)
    HEAP                                     0x400035d0   Section        0  startup.o(HEAP)
    STACK                                    0x400035d0   Section     1160  startup.o(STACK)
    Heap_Mem                                 0x400035d0   Data           0  startup.o(HEAP)
    Stack_Mem                                0x400035d0   Data        1024  startup.o(STACK)
    Stack_Top                                0x40003a58   Data           0  startup.o(STACK)

    Global Symbols

    Symbol Name                              Value     Ov Type        Size  Object(Section)

    BuildAttributes$$THM_ISAv1$ARM_ISAv4$S$PE$A:L22$X:L11$S22$IEEE1$IW$USESV6$~STKCKD$USESV7$~SHL$OSPACE$ROPI$EBA8$UX$STANDARDLIB$REQ8$PRES8$EABIv2 0x00000000   Number         0  anon$$obj.o ABSOLUTE
    __ARM_use_no_argv                        0x00000000   Number         0  inputcontrolunit.o ABSOLUTE
    __main                                   0x00000000   ARM Code       8  __main.o(!!!main)
    __ARM_exceptions_init                     - Undefined Weak Reference
    __alloca_initialize                       - Undefined Weak Reference
    __arm_preinit_                            - Undefined Weak Reference
    __cpp_initialize__aeabi_                  - Undefined Weak Reference
    __cxa_finalize                            - Undefined Weak Reference
    __rt_locale                               - Undefined Weak Reference
    __sigvec_lookup                           - Undefined Weak Reference
    _atexit_init                              - Undefined Weak Reference
    _call_atexit_fns                          - Undefined Weak Reference
    _clock_init                               - Undefined Weak Reference
    _fp_trap_init                             - Undefined Weak Reference
    _fp_trap_shutdown                         - Undefined Weak Reference
    _get_lc_collate                           - Undefined Weak Reference
    _get_lc_ctype                             - Undefined Weak Reference
    _get_lc_monetary                          - Undefined Weak Reference
    _get_lc_numeric                           - Undefined Weak Reference
    _get_lc_time                              - Undefined Weak Reference
    _getenv_init                              - Undefined Weak Reference
    _handle_redirection                       - Undefined Weak Reference
    _init_alloc                               - Undefined Weak Reference
    _init_user_alloc                          - Undefined Weak Reference
    _initio                                   - Undefined Weak Reference
    _rand_init                                - Undefined Weak Reference
    _signal_finish                            - Undefined Weak Reference
    _signal_init                              - Undefined Weak Reference
    _terminate_alloc                          - Undefined Weak Reference
    _terminate_user_alloc                     - Undefined Weak Reference
    _terminateio                              - Undefined Weak Reference
    __scatterload                            0x00000008   ARM Code       0  __scatter.o(!!!scatter)
    __scatterload_rt2                        0x00000008   ARM Code      52  __scatter.o(!!!scatter)
    __scatterload_null                       0x0000001c   ARM Code       0  __scatter.o(!!!scatter)
    __scatterload_copy                       0x00000044   ARM Code      40  __scatter_copy.o(!!handler_copy)
    __scatterload_zeroinit                   0x0000006c   ARM Code      44  __scatter_zi.o(!!handler_zi)
    Inline ARM to Thumb Veneer to __rt_lib_init 0x00000098   ARM Code       8  libinit.o(.ARM.Collect$$libinit$$00000000)
    __rt_lib_init                            0x000000a1   Thumb Code     0  libinit.o(.ARM.Collect$$libinit$$00000000)
    __rt_lib_init_alloca_1                   0x000000a3   Thumb Code     0  libinit2.o(.ARM.Collect$$libinit$$0000002E)
    __rt_lib_init_argv_1                     0x000000a3   Thumb Code     0  libinit2.o(.ARM.Collect$$libinit$$0000002C)
    __rt_lib_init_atexit_1                   0x000000a3   Thumb Code     0  libinit2.o(.ARM.Collect$$libinit$$0000001B)
    __rt_lib_init_clock_1                    0x000000a3   Thumb Code     0  libinit2.o(.ARM.Collect$$libinit$$00000021)
    __rt_lib_init_cpp_1                      0x000000a3   Thumb Code     0  libinit2.o(.ARM.Collect$$libinit$$00000032)
    __rt_lib_init_exceptions_1               0x000000a3   Thumb Code     0  libinit2.o(.ARM.Collect$$libinit$$00000030)
    __rt_lib_init_fp_1                       0x000000a3   Thumb Code     0  libinit2.o(.ARM.Collect$$libinit$$00000002)
    __rt_lib_init_fp_trap_1                  0x000000a3   Thumb Code     0  libinit2.o(.ARM.Collect$$libinit$$0000001F)
    __rt_lib_init_getenv_1                   0x000000a3   Thumb Code     0  libinit2.o(.ARM.Collect$$libinit$$00000023)
    __rt_lib_init_heap_1                     0x000000a3   Thumb Code     0  libinit2.o(.ARM.Collect$$libinit$$0000000A)
    __rt_lib_init_lc_collate_1               0x000000a3   Thumb Code     0  libinit2.o(.ARM.Collect$$libinit$$00000011)
    __rt_lib_init_lc_ctype_1                 0x000000a3   Thumb Code     0  libinit2.o(.ARM.Collect$$libinit$$00000013)
    __rt_lib_init_lc_monetary_1              0x000000a3   Thumb Code     0  libinit2.o(.ARM.Collect$$libinit$$00000015)
    __rt_lib_init_lc_numeric_1               0x000000a3   Thumb Code     0  libinit2.o(.ARM.Collect$$libinit$$00000017)
    __rt_lib_init_lc_time_1                  0x000000a3   Thumb Code     0  libinit2.o(.ARM.Collect$$libinit$$00000019)
    __rt_lib_init_preinit_1                  0x000000a3   Thumb Code     0  libinit2.o(.ARM.Collect$$libinit$$00000004)
    __rt_lib_init_rand_1                     0x000000a3   Thumb Code     0  libinit2.o(.ARM.Collect$$libinit$$0000000E)
    __rt_lib_init_return                     0x000000a3   Thumb Code     0  libinit2.o(.ARM.Collect$$libinit$$00000033)
    __rt_lib_init_signal_1                   0x000000a3   Thumb Code     0  libinit2.o(.ARM.Collect$$libinit$$0000001D)
    __rt_lib_init_stdio_1                    0x000000a3   Thumb Code     0  libinit2.o(.ARM.Collect$$libinit$$00000025)
    __rt_lib_init_user_alloc_1               0x000000a3   Thumb Code     0  libinit2.o(.ARM.Collect$$libinit$$0000000C)
    Inline ARM to Thumb Veneer to __rt_lib_shutdown 0x000000b0   ARM Code       8  libshutdown.o(.ARM.Collect$$libshutdown$$00000000)
    __rt_lib_shutdown                        0x000000b9   Thumb Code     0  libshutdown.o(.ARM.Collect$$libshutdown$$00000000)
    __rt_lib_shutdown_cpp_1                  0x000000bd   Thumb Code     0  libshutdown2.o(.ARM.Collect$$libshutdown$$00000002)
    __rt_lib_shutdown_fp_trap_1              0x000000bd   Thumb Code     0  libshutdown2.o(.ARM.Collect$$libshutdown$$00000007)
    __rt_lib_shutdown_heap_1                 0x000000bd   Thumb Code     0  libshutdown2.o(.ARM.Collect$$libshutdown$$0000000F)
    __rt_lib_shutdown_return                 0x000000bd   Thumb Code     0  libshutdown2.o(.ARM.Collect$$libshutdown$$00000010)
    __rt_lib_shutdown_signal_1               0x000000bd   Thumb Code     0  libshutdown2.o(.ARM.Collect$$libshutdown$$0000000A)
    __rt_lib_shutdown_stdio_1                0x000000bd   Thumb Code     0  libshutdown2.o(.ARM.Collect$$libshutdown$$00000004)
    __rt_lib_shutdown_user_alloc_1           0x000000bd   Thumb Code     0  libshutdown2.o(.ARM.Collect$$libshutdown$$0000000C)
    __rt_entry                               0x000000c4   ARM Code       0  __rtentry.o(.ARM.Collect$$rtentry$$00000000)
    __rt_entry_presh_1                       0x000000c4   ARM Code       0  __rtentry2.o(.ARM.Collect$$rtentry$$00000002)
    __rt_entry_sh                            0x000000c4   ARM Code       0  __rtentry4.o(.ARM.Collect$$rtentry$$00000004)
    __rt_entry_li                            0x000000cc   ARM Code       0  __rtentry2.o(.ARM.Collect$$rtentry$$0000000A)
    __rt_entry_postsh_1                      0x000000cc   ARM Code       0  __rtentry2.o(.ARM.Collect$$rtentry$$00000009)
    __rt_entry_main                          0x000000d0   ARM Code       0  __rtentry2.o(.ARM.Collect$$rtentry$$0000000D)
    __rt_entry_postli_1                      0x000000d0   ARM Code       0  __rtentry2.o(.ARM.Collect$$rtentry$$0000000C)
    Inline Thumb to ARM Veneer to __rt_exit  0x000000f9   Thumb Code     4  rtexit.o(.ARM.Collect$$rtexit$$00000000)
    __rt_exit                                0x000000fc   ARM Code       0  rtexit.o(.ARM.Collect$$rtexit$$00000000)
    __rt_exit_ls                             0x00000100   ARM Code       0  rtexit2.o(.ARM.Collect$$rtexit$$00000003)
    __rt_exit_prels_1                        0x00000100   ARM Code       0  rtexit2.o(.ARM.Collect$$rtexit$$00000002)
    __rt_exit_exit                           0x00000104   ARM Code       0  rtexit2.o(.ARM.Collect$$rtexit$$00000004)
    __user_initial_stackheap                 0x0000010c   ARM Code       0  startup.o(.text)
    __aeabi_memset                           0x0000012c   ARM Code      16  aeabi_memset.o(.text)
    __aeabi_memclr                           0x0000013c   ARM Code       0  rt_memclr.o(.text)
    __rt_memclr                              0x0000013c   ARM Code      64  rt_memclr.o(.text)
    _memset                                  0x00000140   ARM Code       0  rt_memclr.o(.text)
    __aeabi_memclr4                          0x0000017c   ARM Code       0  rt_memclr_w.o(.text)
    __aeabi_memclr8                          0x0000017c   ARM Code       0  rt_memclr_w.o(.text)
    __rt_memclr_w                            0x0000017c   ARM Code      84  rt_memclr_w.o(.text)
    _memset_w                                0x00000180   ARM Code       0  rt_memclr_w.o(.text)
    __use_two_region_memory                  0x000001d1   Thumb Code     2  heapauxi.o(.text)
    __rt_heap_escrow$2region                 0x000001d3   Thumb Code     2  heapauxi.o(.text)
    __rt_heap_expand$2region                 0x000001d5   Thumb Code     2  heapauxi.o(.text)
    __user_setup_stackheap                   0x000001d8   ARM Code      96  sys_stackheap_outer.o(.text)
    exit                                     0x00000239   Thumb Code    20  exit.o(.text)
    __user_libspace                          0x0000024c   ARM Code      12  libspace.o(.text)
    __user_perproc_libspace                  0x0000024c   ARM Code       0  libspace.o(.text)
    __user_perthread_libspace                0x0000024c   ARM Code       0  libspace.o(.text)
    Inline ARM to Thumb Veneer to _sys_exit  0x00000258   ARM Code       8  sys_exit.o(.text)
    _sys_exit                                0x00000261   Thumb Code     8  sys_exit.o(.text)
    __I$use$semihosting                      0x0000026c   ARM Code       0  use_no_semi.o(.text)
    __use_no_semihosting_swi                 0x0000026c   ARM Code       4  use_no_semi.o(.text)
    __semihosting_library_function           0x00000270   ARM Code       0  indicate_semi.o(.text)
    vPortStartFirstTask                      0x00000270   ARM Code       0  portasm.o(PORT_ASM)
    vPortYield                               0x000002a0   ARM Code       0  portasm.o(PORT_ASM)
    vPortYieldProcessor                      0x000002a8   ARM Code       0  portasm.o(PORT_ASM)
    vPreemptiveTick                          0x00000334   ARM Code       0  portasm.o(PORT_ASM)
    Send_message                             0x000003fc   ARM Code      60  commmng.o(i.Send_message)
    Task1_DoorState                          0x00000440   ARM Code      84  inputcontrolunit.o(i.Task1_DoorState)
    Task2_LightSwitch                        0x00000494   ARM Code      84  inputcontrolunit.o(i.Task2_LightSwitch)
    Task3_SpeedState                         0x000004e8   ARM Code      84  inputcontrolunit.o(i.Task3_SpeedState)
    initSensor                               0x00000560   ARM Code     120  sensormng.o(i.initSensor)
    main                                     0x000005dc   ARM Code     128  inputcontrolunit.o(i.main)
    pvPortMalloc                             0x00000cac   ARM Code     372  heap_2.o(i.pvPortMalloc)
    pxPortInitialiseStack                    0x00000e30   ARM Code     240  port.o(i.pxPortInitialiseStack)
    readSensor                               0x00000f34   ARM Code     120  sensormng.o(i.readSensor)
    uxListRemove                             0x00000fb0   ARM Code      76  list.o(i.uxListRemove)
    vListInitialise                          0x00000ffc   ARM Code      44  list.o(i.vListInitialise)
    vListInitialiseItem                      0x00001028   ARM Code      12  list.o(i.vListInitialiseItem)
    vListInsert                              0x00001034   ARM Code      96  list.o(i.vListInsert)
    vPortEnterCritical                       0x00001094   ARM Code      36  port.o(i.vPortEnterCritical)
    vPortExitCritical                        0x000010bc   ARM Code      68  port.o(i.vPortExitCritical)
    vPortFree                                0x00001104   ARM Code     152  heap_2.o(i.vPortFree)
    vTaskStartScheduler                      0x000011a4   ARM Code     120  tasks.o(i.vTaskStartScheduler)
    vTaskSuspendAll                          0x0000123c   ARM Code      24  tasks.o(i.vTaskSuspendAll)
    vTaskSwitchContext                       0x00001258   ARM Code     184  tasks.o(i.vTaskSwitchContext)
    xPortStartScheduler                      0x00001324   ARM Code      24  port.o(i.xPortStartScheduler)
    xTaskCreate                              0x0000133c   ARM Code     184  tasks.o(i.xTaskCreate)
    xTaskDelayUntil                          0x000013f4   ARM Code     156  tasks.o(i.xTaskDelayUntil)
    xTaskIncrementTick                       0x00001494   ARM Code     652  tasks.o(i.xTaskIncrementTick)
    xTaskResumeAll                           0x0000174c   ARM Code     556  tasks.o(i.xTaskResumeAll)
    Region$$Table$$Base                      0x00001998   Number         0  anon$$obj.o(Region$$Table)
    Region$$Table$$Limit                     0x000019b8   Number         0  anon$$obj.o(Region$$Table)
    xTaskHandle1_Door                        0x40000000   Data           4  inputcontrolunit.o(.data)
    xTaskHandle2_LightSwitch                 0x40000004   Data           4  inputcontrolunit.o(.data)
    xTaskHandle3_Speed                       0x40000008   Data           4  inputcontrolunit.o(.data)
    ulCriticalNesting                        0x40000024   Data           4  port.o(.data)
    pxCurrentTCB                             0x40000028   Data           4  tasks.o(.data)
    uxTopUsedPriority                        0x40000060   Data           4  tasks.o(.data)
    can                                      0x40000068   Data          28  commmng.o(.bss)
    CANConfig                                0x40000084   Data          28  commmng.o(.bss)
    __libspace_start                         0x4000356c   Data          96  libspace.o(.bss)
    __temporary_stack_top$libspace           0x400035cc   Data           0  libspace.o(.bss)



==============================================================================

Memory Map of the image

  Image Entry point : 0x00000000

  Load Region LR_1 (Base: 0x00000000, Size: 0x00001a20, Max: 0xffffffff, ABSOLUTE)

    Execution Region ER_RO (Exec base: 0x00000000, Load base: 0x00000000, Size: 0x000019b8, Max: 0xffffffff, ABSOLUTE)

    Exec Addr    Load Addr    Size         Type   Attr      Idx    E Section Name        Object

    0x00000000   0x00000000   0x00000008   Code   RO         1231  * !!!main             c_t.l(__main.o)
    0x00000008   0x00000008   0x0000003c   Code   RO         1402    !!!scatter          c_t.l(__scatter.o)
    0x00000044   0x00000044   0x00000028   Code   RO         1404    !!handler_copy      c_t.l(__scatter_copy.o)
    0x0000006c   0x0000006c   0x0000002c   Code   RO         1406    !!handler_zi        c_t.l(__scatter_zi.o)
    0x00000098   0x00000098   0x00000008   Ven    RO         1270    .ARM.Collect$$libinit$$00000000  c_t.l(libinit.o)
    0x000000a0   0x000000a0   0x00000002   Code   RO         1270    .ARM.Collect$$libinit$$00000000  c_t.l(libinit.o)
    0x000000a2   0x000000a2   0x00000000   Code   RO         1283    .ARM.Collect$$libinit$$00000002  c_t.l(libinit2.o)
    0x000000a2   0x000000a2   0x00000000   Code   RO         1285    .ARM.Collect$$libinit$$00000004  c_t.l(libinit2.o)
    0x000000a2   0x000000a2   0x00000000   Code   RO         1288    .ARM.Collect$$libinit$$0000000A  c_t.l(libinit2.o)
    0x000000a2   0x000000a2   0x00000000   Code   RO         1290    .ARM.Collect$$libinit$$0000000C  c_t.l(libinit2.o)
    0x000000a2   0x000000a2   0x00000000   Code   RO         1292    .ARM.Collect$$libinit$$0000000E  c_t.l(libinit2.o)
    0x000000a2   0x000000a2   0x00000000   Code   RO         1295    .ARM.Collect$$libinit$$00000011  c_t.l(libinit2.o)
    0x000000a2   0x000000a2   0x00000000   Code   RO         1297    .ARM.Collect$$libinit$$00000013  c_t.l(libinit2.o)
    0x000000a2   0x000000a2   0x00000000   Code   RO         1299    .ARM.Collect$$libinit$$00000015  c_t.l(libinit2.o)
    0x000000a2   0x000000a2   0x00000000   Code   RO         1301    .ARM.Collect$$libinit$$00000017  c_t.l(libinit2.o)
    0x000000a2   0x000000a2   0x00000000   Code   RO         1303    .ARM.Collect$$libinit$$00000019  c_t.l(libinit2.o)
    0x000000a2   0x000000a2   0x00000000   Code   RO         1305    .ARM.Collect$$libinit$$0000001B  c_t.l(libinit2.o)
    0x000000a2   0x000000a2   0x00000000   Code   RO         1307    .ARM.Collect$$libinit$$0000001D  c_t.l(libinit2.o)
    0x000000a2   0x000000a2   0x00000000   Code   RO         1309    .ARM.Collect$$libinit$$0000001F  c_t.l(libinit2.o)
    0x000000a2   0x000000a2   0x00000000   Code   RO         1311    .ARM.Collect$$libinit$$00000021  c_t.l(libinit2.o)
    0x000000a2   0x000000a2   0x00000000   Code   RO         1313    .ARM.Collect$$libinit$$00000023  c_t.l(libinit2.o)
    0x000000a2   0x000000a2   0x00000000   Code   RO         1315    .ARM.Collect$$libinit$$00000025  c_t.l(libinit2.o)
    0x000000a2   0x000000a2   0x00000000   Code   RO         1319    .ARM.Collect$$libinit$$0000002C  c_t.l(libinit2.o)
    0x000000a2   0x000000a2   0x00000000   Code   RO         1321    .ARM.Collect$$libinit$$0000002E  c_t.l(libinit2.o)
    0x000000a2   0x000000a2   0x00000000   Code   RO         1323    .ARM.Collect$$libinit$$00000030  c_t.l(libinit2.o)
    0x000000a2   0x000000a2   0x00000000   Code   RO         1325    .ARM.Collect$$libinit$$00000032  c_t.l(libinit2.o)
    0x000000a2   0x000000a2   0x0000000c   Code   RO         1326    .ARM.Collect$$libinit$$00000033  c_t.l(libinit2.o)
    0x000000ae   0x000000ae   0x00000002   PAD
    0x000000b0   0x000000b0   0x00000008   Ven    RO         1359    .ARM.Collect$$libshutdown$$00000000  c_t.l(libshutdown.o)
    0x000000b8   0x000000b8   0x00000004   Code   RO         1359    .ARM.Collect$$libshutdown$$00000000  c_t.l(libshutdown.o)
    0x000000bc   0x000000bc   0x00000000   Code   RO         1385    .ARM.Collect$$libshutdown$$00000002  c_t.l(libshutdown2.o)
    0x000000bc   0x000000bc   0x00000000   Code   RO         1387    .ARM.Collect$$libshutdown$$00000004  c_t.l(libshutdown2.o)
    0x000000bc   0x000000bc   0x00000000   Code   RO         1390    .ARM.Collect$$libshutdown$$00000007  c_t.l(libshutdown2.o)
    0x000000bc   0x000000bc   0x00000000   Code   RO         1393    .ARM.Collect$$libshutdown$$0000000A  c_t.l(libshutdown2.o)
    0x000000bc   0x000000bc   0x00000000   Code   RO         1395    .ARM.Collect$$libshutdown$$0000000C  c_t.l(libshutdown2.o)
    0x000000bc   0x000000bc   0x00000000   Code   RO         1398    .ARM.Collect$$libshutdown$$0000000F  c_t.l(libshutdown2.o)
    0x000000bc   0x000000bc   0x00000006   Code   RO         1399    .ARM.Collect$$libshutdown$$00000010  c_t.l(libshutdown2.o)
    0x000000c2   0x000000c2   0x00000002   PAD
    0x000000c4   0x000000c4   0x00000000   Code   RO         1233    .ARM.Collect$$rtentry$$00000000  c_t.l(__rtentry.o)
    0x000000c4   0x000000c4   0x00000000   Code   RO         1241    .ARM.Collect$$rtentry$$00000002  c_t.l(__rtentry2.o)
    0x000000c4   0x000000c4   0x00000008   Code   RO         1253    .ARM.Collect$$rtentry$$00000004  c_t.l(__rtentry4.o)
    0x000000cc   0x000000cc   0x00000000   Code   RO         1243    .ARM.Collect$$rtentry$$00000009  c_t.l(__rtentry2.o)
    0x000000cc   0x000000cc   0x00000004   Code   RO         1244    .ARM.Collect$$rtentry$$0000000A  c_t.l(__rtentry2.o)
    0x000000d0   0x000000d0   0x00000000   Code   RO         1246    .ARM.Collect$$rtentry$$0000000C  c_t.l(__rtentry2.o)
    0x000000d0   0x000000d0   0x00000028   Code   RO         1247    .ARM.Collect$$rtentry$$0000000D  c_t.l(__rtentry2.o)
    0x000000f8   0x000000f8   0x00000004   Ven    RO         1274    .ARM.Collect$$rtexit$$00000000  c_t.l(rtexit.o)
    0x000000fc   0x000000fc   0x00000004   Code   RO         1274    .ARM.Collect$$rtexit$$00000000  c_t.l(rtexit.o)
    0x00000100   0x00000100   0x00000000   Code   RO         1330    .ARM.Collect$$rtexit$$00000002  c_t.l(rtexit2.o)
    0x00000100   0x00000100   0x00000004   Code   RO         1331    .ARM.Collect$$rtexit$$00000003  c_t.l(rtexit2.o)
    0x00000104   0x00000104   0x00000008   Code   RO         1332    .ARM.Collect$$rtexit$$00000004  c_t.l(rtexit2.o)
    0x0000010c   0x0000010c   0x00000020   Code   RO            4    .text               startup.o
    0x0000012c   0x0000012c   0x00000010   Code   RO         1207    .text               c_t.l(aeabi_memset.o)
    0x0000013c   0x0000013c   0x00000040   Code   RO         1209    .text               c_t.l(rt_memclr.o)
    0x0000017c   0x0000017c   0x00000054   Code   RO         1211    .text               c_t.l(rt_memclr_w.o)
    0x000001d0   0x000001d0   0x00000006   Code   RO         1229    .text               c_t.l(heapauxi.o)
    0x000001d6   0x000001d6   0x00000002   PAD
    0x000001d8   0x000001d8   0x00000060   Code   RO         1257    .text               c_t.l(sys_stackheap_outer.o)
    0x00000238   0x00000238   0x00000014   Code   RO         1259    .text               c_t.l(exit.o)
    0x0000024c   0x0000024c   0x0000000c   Code   RO         1271    .text               c_t.l(libspace.o)
    0x00000258   0x00000258   0x00000008   Ven    RO         1327    .text               c_t.l(sys_exit.o)
    0x00000260   0x00000260   0x0000000c   Code   RO         1327    .text               c_t.l(sys_exit.o)
    0x0000026c   0x0000026c   0x00000004   Code   RO         1348    .text               c_t.l(use_no_semi.o)
    0x00000270   0x00000270   0x00000000   Code   RO         1350    .text               c_t.l(indicate_semi.o)
    0x00000270   0x00000270   0x0000018c   Code   RO          553    PORT_ASM            portasm.o
    0x000003fc   0x000003fc   0x00000044   Code   RO          132    i.Send_message      commmng.o
    0x00000440   0x00000440   0x00000054   Code   RO           11    i.Task1_DoorState   inputcontrolunit.o
    0x00000494   0x00000494   0x00000054   Code   RO           12    i.Task2_LightSwitch  inputcontrolunit.o
    0x000004e8   0x000004e8   0x00000054   Code   RO           13    i.Task3_SpeedState  inputcontrolunit.o
    0x0000053c   0x0000053c   0x00000024   Code   RO           14    i.configTimer1      inputcontrolunit.o
    0x00000560   0x00000560   0x0000007c   Code   RO          167    i.initSensor        sensormng.o
    0x000005dc   0x000005dc   0x000000c4   Code   RO           15    i.main              inputcontrolunit.o
    0x000006a0   0x000006a0   0x00000124   Code   RO          870    i.prvAddCurrentTaskToDelayedList  tasks.o
    0x000007c4   0x000007c4   0x00000178   Code   RO          871    i.prvAddNewTaskToReadyList  tasks.o
    0x0000093c   0x0000093c   0x00000078   Code   RO          872    i.prvCheckTasksWaitingTermination  tasks.o
    0x000009b4   0x000009b4   0x00000020   Code   RO          873    i.prvDeleteTCB      tasks.o
    0x000009d4   0x000009d4   0x00000058   Code   RO          426    i.prvHeapInit       heap_2.o
    0x00000a2c   0x00000a2c   0x00000024   Code   RO          874    i.prvIdleTask       tasks.o
    0x00000a50   0x00000a50   0x000000e0   Code   RO          875    i.prvInitialiseNewTask  tasks.o
    0x00000b30   0x00000b30   0x00000090   Code   RO          876    i.prvInitialiseTaskLists  tasks.o
    0x00000bc0   0x00000bc0   0x0000005c   Code   RO          878    i.prvResetNextTaskUnblockTime  tasks.o
    0x00000c1c   0x00000c1c   0x00000020   Code   RO           16    i.prvSetupHardware  inputcontrolunit.o
    0x00000c3c   0x00000c3c   0x00000070   Code   RO          509    i.prvSetupTimerInterrupt  port.o
    0x00000cac   0x00000cac   0x00000184   Code   RO          428    i.pvPortMalloc      heap_2.o
    0x00000e30   0x00000e30   0x00000104   Code   RO          510    i.pxPortInitialiseStack  port.o
    0x00000f34   0x00000f34   0x0000007c   Code   RO          168    i.readSensor        sensormng.o
    0x00000fb0   0x00000fb0   0x0000004c   Code   RO          473    i.uxListRemove      list.o
    0x00000ffc   0x00000ffc   0x0000002c   Code   RO          474    i.vListInitialise   list.o
    0x00001028   0x00001028   0x0000000c   Code   RO          475    i.vListInitialiseItem  list.o
    0x00001034   0x00001034   0x00000060   Code   RO          476    i.vListInsert       list.o
    0x00001094   0x00001094   0x00000028   Code   RO          512    i.vPortEnterCritical  port.o
    0x000010bc   0x000010bc   0x00000048   Code   RO          513    i.vPortExitCritical  port.o
    0x00001104   0x00001104   0x000000a0   Code   RO          429    i.vPortFree         heap_2.o
    0x000011a4   0x000011a4   0x00000098   Code   RO          903    i.vTaskStartScheduler  tasks.o
    0x0000123c   0x0000123c   0x0000001c   Code   RO          905    i.vTaskSuspendAll   tasks.o
    0x00001258   0x00001258   0x000000cc   Code   RO          906    i.vTaskSwitchContext  tasks.o
    0x00001324   0x00001324   0x00000018   Code   RO          514    i.xPortStartScheduler  port.o
    0x0000133c   0x0000133c   0x000000b8   Code   RO          909    i.xTaskCreate       tasks.o
    0x000013f4   0x000013f4   0x000000a0   Code   RO          910    i.xTaskDelayUntil   tasks.o
    0x00001494   0x00001494   0x000002b8   Code   RO          918    i.xTaskIncrementTick  tasks.o
    0x0000174c   0x0000174c   0x0000024c   Code   RO          920    i.xTaskResumeAll    tasks.o
    0x00001998   0x00001998   0x00000020   Data   RO         1400    Region$$Table       anon$$obj.o


    Execution Region ER_RW (Exec base: 0x40000000, Load base: 0x000019b8, Size: 0x00000068, Max: 0xffffffff, ABSOLUTE)

    Exec Addr    Load Addr    Size         Type   Attr      Idx    E Section Name        Object

    0x40000000   0x000019b8   0x0000000c   Data   RW           17    .data               inputcontrolunit.o
    0x4000000c   0x000019c4   0x00000018   Data   RW          433    .data               heap_2.o
    0x40000024   0x000019dc   0x00000004   Data   RW          515    .data               port.o
    0x40000028   0x000019e0   0x00000040   Data   RW          923    .data               tasks.o


    Execution Region ER_ZI (Exec base: 0x40000068, Load base: 0x00001a20, Size: 0x000039f0, Max: 0xffffffff, ABSOLUTE)

    Exec Addr    Load Addr    Size         Type   Attr      Idx    E Section Name        Object

    0x40000068        -       0x00000038   Zero   RW          134    .bss                commmng.o
    0x400000a0        -       0x00000018   Zero   RW          169    .bss                sensormng.o
    0x400000b8        -       0x00003400   Zero   RW          432    .bss                heap_2.o
    0x400034b8        -       0x000000b4   Zero   RW          922    .bss                tasks.o
    0x4000356c        -       0x00000060   Zero   RW         1272    .bss                c_t.l(libspace.o)
    0x400035cc   0x00001a20   0x00000004   PAD
    0x400035d0        -       0x00000000   Zero   RW            2    HEAP                startup.o
    0x400035d0        -       0x00000488   Zero   RW            1    STACK               startup.o


==============================================================================

Image component sizes


      Code (inc. data)   RO Data    RW Data    ZI Data      Debug   Object Name

        68          8          0          0         56       3303   commmng.o
       636         40          0         24      13312       4443   heap_2.o
       516         76          0         12          0      25372   inputcontrolunit.o
       228          0          0          0          0       2745   list.o
       508         40          0          4          0       4011   port.o
       396         24          0          0          0        308   portasm.o
       248          8          0          0         24       1926   sensormng.o
        32         12          0          0       1160        304   startup.o
      3328        240          0         64        180      20564   tasks.o

    ----------------------------------------------------------------------
      5960        448         32        104      14732      62976   Object Totals
         0          0         32          0          0          0   (incl. Generated)
         0          0          0          0          0          0   (incl. Padding)

    ----------------------------------------------------------------------

      Code (inc. data)   RO Data    RW Data    ZI Data      Debug   Library Member Name

         8          0          0          0          0         68   __main.o
         0          0          0          0          0          0   __rtentry.o
        44          4          0          0          0          0   __rtentry2.o
         8          0          0          0          0          0   __rtentry4.o
        60          8          0          0          0          0   __scatter.o
        40          0          0          0          0          0   __scatter_copy.o
        44          0          0          0          0          0   __scatter_zi.o
        16          0          0          0          0         68   aeabi_memset.o
        20          0          0          0          0         80   exit.o
         6          0          0          0          0        136   heapauxi.o
         0          0          0          0          0          0   indicate_semi.o
        10          0          0          0          0          0   libinit.o
        12          0          0          0          0          0   libinit2.o
        12          0          0          0          0          0   libshutdown.o
         6          0          0          0          0          0   libshutdown2.o
        12          4          0          0         96         68   libspace.o
        64          0          0          0          0         68   rt_memclr.o
        84          0          0          0          0         80   rt_memclr_w.o
         8          0          0          0          0          0   rtexit.o
        12          0          0          0          0          0   rtexit2.o
        20          4          0          0          0         60   sys_exit.o
        96          0          0          0          0         80   sys_stackheap_outer.o
         4          0          0          0          0         68   use_no_semi.o

    ----------------------------------------------------------------------
       592         20          0          0        100        776   Library Totals
         6          0          0          0          4          0   (incl. Padding)

    ----------------------------------------------------------------------

      Code (inc. data)   RO Data    RW Data    ZI Data      Debug   Library Name

       586         20          0          0         96        776   c_t.l

    ----------------------------------------------------------------------
       592         20          0          0        100        776   Library Totals

    ----------------------------------------------------------------------

==============================================================================


      Code (inc. data)   RO Data    RW Data    ZI Data      Debug   

      6552        468         32        104      14832      61840   Grand Totals
      6552        468         32        104      14832      61840   ELF Image Totals
      6552        468         32        104          0          0   ROM Totals

==============================================================================

    Total RO  Size (Code + RO Data)                 6584 (   6.43kB)
    Total RW  Size (RW Data + ZI Data)             14936 (  14.59kB)
    Total ROM Size (Code + RO Data + RW Data)       6688 (   6.53kB)

==============================================================================

